Archive member included to satisfy reference by file (symbol)

../waterled_bsp/\libhal_bsp.a(alt_load.o)
                              ../waterled_bsp//obj/HAL/src/crt0.o (alt_load)
../waterled_bsp/\libhal_bsp.a(alt_main.o)
                              ../waterled_bsp//obj/HAL/src/crt0.o (alt_main)
../waterled_bsp/\libhal_bsp.a(alt_sys_init.o)
                              ../waterled_bsp/\libhal_bsp.a(alt_main.o) (alt_irq_init)
../waterled_bsp/\libhal_bsp.a(altera_avalon_jtag_uart_fd.o)
                              ../waterled_bsp/\libhal_bsp.a(alt_sys_init.o) (altera_avalon_jtag_uart_read_fd)
../waterled_bsp/\libhal_bsp.a(altera_avalon_jtag_uart_read.o)
                              ../waterled_bsp/\libhal_bsp.a(altera_avalon_jtag_uart_fd.o) (altera_avalon_jtag_uart_read)
../waterled_bsp/\libhal_bsp.a(altera_avalon_jtag_uart_write.o)
                              ../waterled_bsp/\libhal_bsp.a(altera_avalon_jtag_uart_fd.o) (altera_avalon_jtag_uart_write)
../waterled_bsp/\libhal_bsp.a(alt_close.o)
                              ../waterled_bsp/\libhal_bsp.a(alt_main.o) (close)
../waterled_bsp/\libhal_bsp.a(alt_dcache_flush_all.o)
                              ../waterled_bsp/\libhal_bsp.a(alt_load.o) (alt_dcache_flush_all)
../waterled_bsp/\libhal_bsp.a(alt_dev.o)
                              ../waterled_bsp/\libhal_bsp.a(alt_sys_init.o) (alt_dev_list)
../waterled_bsp/\libhal_bsp.a(alt_dev_llist_insert.o)
                              ../waterled_bsp/\libhal_bsp.a(alt_sys_init.o) (alt_dev_llist_insert)
../waterled_bsp/\libhal_bsp.a(alt_do_ctors.o)
                              ../waterled_bsp/\libhal_bsp.a(alt_main.o) (_do_ctors)
../waterled_bsp/\libhal_bsp.a(alt_do_dtors.o)
                              ../waterled_bsp/\libhal_bsp.a(alt_main.o) (_do_dtors)
../waterled_bsp/\libhal_bsp.a(alt_errno.o)
                              ../waterled_bsp/\libhal_bsp.a(alt_close.o) (alt_errno)
../waterled_bsp/\libhal_bsp.a(alt_icache_flush_all.o)
                              ../waterled_bsp/\libhal_bsp.a(alt_load.o) (alt_icache_flush_all)
../waterled_bsp/\libhal_bsp.a(alt_io_redirect.o)
                              ../waterled_bsp/\libhal_bsp.a(alt_main.o) (alt_io_redirect)
../waterled_bsp/\libhal_bsp.a(alt_open.o)
                              ../waterled_bsp/\libhal_bsp.a(alt_io_redirect.o) (open)
../waterled_bsp/\libhal_bsp.a(alt_release_fd.o)
                              ../waterled_bsp/\libhal_bsp.a(alt_close.o) (alt_release_fd)
../waterled_bsp/\libhal_bsp.a(altera_nios2_gen2_irq.o)
                              ../waterled_bsp/\libhal_bsp.a(alt_sys_init.o) (altera_nios2_gen2_irq_init)
../waterled_bsp/\libhal_bsp.a(alt_find_dev.o)
                              ../waterled_bsp/\libhal_bsp.a(alt_open.o) (alt_find_dev)
../waterled_bsp/\libhal_bsp.a(alt_find_file.o)
                              ../waterled_bsp/\libhal_bsp.a(alt_open.o) (alt_find_file)
../waterled_bsp/\libhal_bsp.a(alt_get_fd.o)
                              ../waterled_bsp/\libhal_bsp.a(alt_open.o) (alt_get_fd)
../waterled_bsp/\libhal_bsp.a(alt_icache_flush.o)
                              ../waterled_bsp/\libhal_bsp.a(alt_icache_flush_all.o) (alt_icache_flush)
e:/software/intelfpga/18.1/nios2eds/bin/gnu/h-x86_64-mingw32/bin/../lib/gcc/nios2-elf/5.3.0/../../../../../H-x86_64-mingw32/nios2-elf/lib\libsmallc.a(lib_a-atexit.o)
                              ../waterled_bsp/\libhal_bsp.a(alt_main.o) (atexit)
e:/software/intelfpga/18.1/nios2eds/bin/gnu/h-x86_64-mingw32/bin/../lib/gcc/nios2-elf/5.3.0/../../../../../H-x86_64-mingw32/nios2-elf/lib\libsmallc.a(lib_a-exit.o)
                              ../waterled_bsp/\libhal_bsp.a(alt_main.o) (exit)
e:/software/intelfpga/18.1/nios2eds/bin/gnu/h-x86_64-mingw32/bin/../lib/gcc/nios2-elf/5.3.0/../../../../../H-x86_64-mingw32/nios2-elf/lib\libsmallc.a(lib_a-int_errno.o)
                              ../waterled_bsp/\libhal_bsp.a(alt_close.o) (errno)
e:/software/intelfpga/18.1/nios2eds/bin/gnu/h-x86_64-mingw32/bin/../lib/gcc/nios2-elf/5.3.0/../../../../../H-x86_64-mingw32/nios2-elf/lib\libsmallc.a(lib_a-memcmp.o)
                              ../waterled_bsp/\libhal_bsp.a(alt_find_dev.o) (memcmp)
e:/software/intelfpga/18.1/nios2eds/bin/gnu/h-x86_64-mingw32/bin/../lib/gcc/nios2-elf/5.3.0/../../../../../H-x86_64-mingw32/nios2-elf/lib\libsmallc.a(lib_a-strlen.o)
                              ../waterled_bsp/\libhal_bsp.a(alt_find_dev.o) (strlen)
e:/software/intelfpga/18.1/nios2eds/bin/gnu/h-x86_64-mingw32/bin/../lib/gcc/nios2-elf/5.3.0/../../../../../H-x86_64-mingw32/nios2-elf/lib\libsmallc.a(lib_a-__atexit.o)
                              e:/software/intelfpga/18.1/nios2eds/bin/gnu/h-x86_64-mingw32/bin/../lib/gcc/nios2-elf/5.3.0/../../../../../H-x86_64-mingw32/nios2-elf/lib\libsmallc.a(lib_a-atexit.o) (__register_exitproc)
e:/software/intelfpga/18.1/nios2eds/bin/gnu/h-x86_64-mingw32/bin/../lib/gcc/nios2-elf/5.3.0/../../../../../H-x86_64-mingw32/nios2-elf/lib\libsmallc.a(lib_a-__call_atexit.o)
                              e:/software/intelfpga/18.1/nios2eds/bin/gnu/h-x86_64-mingw32/bin/../lib/gcc/nios2-elf/5.3.0/../../../../../H-x86_64-mingw32/nios2-elf/lib\libsmallc.a(lib_a-exit.o) (__call_exitprocs)
e:/software/intelfpga/18.1/nios2eds/bin/gnu/h-x86_64-mingw32/bin/../lib/gcc/nios2-elf/5.3.0/../../../../../H-x86_64-mingw32/nios2-elf/lib\libsmallc.a(lib_a-impure.o)
                              e:/software/intelfpga/18.1/nios2eds/bin/gnu/h-x86_64-mingw32/bin/../lib/gcc/nios2-elf/5.3.0/../../../../../H-x86_64-mingw32/nios2-elf/lib\libsmallc.a(lib_a-__atexit.o) (_global_impure_ptr)
../waterled_bsp/\libhal_bsp.a(alt_exit.o)
                              e:/software/intelfpga/18.1/nios2eds/bin/gnu/h-x86_64-mingw32/bin/../lib/gcc/nios2-elf/5.3.0/../../../../../H-x86_64-mingw32/nios2-elf/lib\libsmallc.a(lib_a-exit.o) (_exit)

Allocating common symbols
Common symbol       size              file

errno               0x4               e:/software/intelfpga/18.1/nios2eds/bin/gnu/h-x86_64-mingw32/bin/../lib/gcc/nios2-elf/5.3.0/../../../../../H-x86_64-mingw32/nios2-elf/lib\libsmallc.a(lib_a-int_errno.o)

Memory Configuration

Name             Origin             Length             Attributes
reset            0x0000000000004000 0x0000000000000020
ram              0x0000000000004020 0x00000000000027e0
*default*        0x0000000000000000 0xffffffffffffffff

Linker script and memory map

LOAD ../waterled_bsp//obj/HAL/src/crt0.o
LOAD obj/default/hello_world.o
LOAD e:/software/intelfpga/18.1/nios2eds/bin/gnu/h-x86_64-mingw32/bin/../lib/gcc/nios2-elf/5.3.0/../../../../../H-x86_64-mingw32/nios2-elf/lib\libstdc++.a
LOAD e:/software/intelfpga/18.1/nios2eds/bin/gnu/h-x86_64-mingw32/bin/../lib/gcc/nios2-elf/5.3.0/../../../../../H-x86_64-mingw32/nios2-elf/lib\libm.a
LOAD e:/software/intelfpga/18.1/nios2eds/bin/gnu/h-x86_64-mingw32/bin/../lib/gcc/nios2-elf/5.3.0\libgcc.a
START GROUP
LOAD e:/software/intelfpga/18.1/nios2eds/bin/gnu/h-x86_64-mingw32/bin/../lib/gcc/nios2-elf/5.3.0/../../../../../H-x86_64-mingw32/nios2-elf/lib\libsmallc.a
LOAD e:/software/intelfpga/18.1/nios2eds/bin/gnu/h-x86_64-mingw32/bin/../lib/gcc/nios2-elf/5.3.0\libgcc.a
LOAD ../waterled_bsp/\libhal_bsp.a
LOAD e:/software/intelfpga/18.1/nios2eds/bin/gnu/h-x86_64-mingw32/bin/../lib/gcc/nios2-elf/5.3.0/../../../../../H-x86_64-mingw32/nios2-elf/lib\libm.a
END GROUP
LOAD e:/software/intelfpga/18.1/nios2eds/bin/gnu/h-x86_64-mingw32/bin/../lib/gcc/nios2-elf/5.3.0\libgcc.a
                0x0000000000004000                __alt_mem_ram = 0x4000

.entry          0x0000000000004000       0x20
 *(.entry)
 .entry         0x0000000000004000       0x20 ../waterled_bsp//obj/HAL/src/crt0.o
                0x0000000000004000                __reset

.exceptions     0x0000000000004020        0x0
                0x0000000000004020                PROVIDE (__ram_exceptions_start, ABSOLUTE (.))
                0x0000000000004020                . = ALIGN (0x20)
 *(.irq)
 *(.exceptions.entry.label)
 *(.exceptions.entry.user)
 *(.exceptions.entry.ecc_fatal)
 *(.exceptions.entry)
 *(.exceptions.irqtest.user)
 *(.exceptions.irqtest)
 *(.exceptions.irqhandler.user)
 *(.exceptions.irqhandler)
 *(.exceptions.irqreturn.user)
 *(.exceptions.irqreturn)
 *(.exceptions.notirq.label)
 *(.exceptions.notirq.user)
 *(.exceptions.notirq)
 *(.exceptions.soft.user)
 *(.exceptions.soft)
 *(.exceptions.unknown.user)
 *(.exceptions.unknown)
 *(.exceptions.exit.label)
 *(.exceptions.exit.user)
 *(.exceptions.exit)
 *(.exceptions)
                0x0000000000004020                PROVIDE (__ram_exceptions_end, ABSOLUTE (.))
                0x0000000000004020                PROVIDE (__flash_exceptions_start, LOADADDR (.exceptions))

.text           0x0000000000004020     0x12e8
                [!provide]                        PROVIDE (stext, ABSOLUTE (.))
 *(.interp)
 *(.hash)
 *(.dynsym)
 *(.dynstr)
 *(.gnu.version)
 *(.gnu.version_d)
 *(.gnu.version_r)
 *(.rel.init)
 *(.rela.init)
 *(.rel.text .rel.text.* .rel.gnu.linkonce.t.*)
 *(.rela.text .rela.text.* .rela.gnu.linkonce.t.*)
 *(.rel.fini)
 *(.rela.fini)
 *(.rel.rodata .rel.rodata.* .rel.gnu.linkonce.r.*)
 *(.rela.rodata .rela.rodata.* .rela.gnu.linkonce.r.*)
 *(.rel.data .rel.data.* .rel.gnu.linkonce.d.*)
 *(.rela.data .rela.data.* .rela.gnu.linkonce.d.*)
 *(.rel.tdata .rel.tdata.* .rel.gnu.linkonce.td.*)
 *(.rela.tdata .rela.tdata.* .rela.gnu.linkonce.td.*)
 *(.rel.tbss .rel.tbss.* .rel.gnu.linkonce.tb.*)
 *(.rela.tbss .rela.tbss.* .rela.gnu.linkonce.tb.*)
 *(.rel.ctors)
 *(.rela.ctors)
 *(.rel.dtors)
 *(.rela.dtors)
 *(.rel.got)
 *(.rela.got)
 *(.rel.sdata .rel.sdata.* .rel.gnu.linkonce.s.*)
 *(.rela.sdata .rela.sdata.* .rela.gnu.linkonce.s.*)
 *(.rel.sbss .rel.sbss.* .rel.gnu.linkonce.sb.*)
 *(.rela.sbss .rela.sbss.* .rela.gnu.linkonce.sb.*)
 *(.rel.sdata2 .rel.sdata2.* .rel.gnu.linkonce.s2.*)
 *(.rela.sdata2 .rela.sdata2.* .rela.gnu.linkonce.s2.*)
 *(.rel.sbss2 .rel.sbss2.* .rel.gnu.linkonce.sb2.*)
 *(.rela.sbss2 .rela.sbss2.* .rela.gnu.linkonce.sb2.*)
 *(.rel.bss .rel.bss.* .rel.gnu.linkonce.b.*)
 *(.rela.bss .rela.bss.* .rela.gnu.linkonce.b.*)
 *(.rel.plt)
 *(.rela.plt)
 *(.rel.dyn)
 *(.init)
 *(.plt)
 *(.text .stub .text.* .gnu.linkonce.t.*)
 .text          0x0000000000004020       0x4c ../waterled_bsp//obj/HAL/src/crt0.o
                0x0000000000004020                _start
 .text          0x000000000000406c       0x78 obj/default/hello_world.o
                0x000000000000406c                main
 .text          0x00000000000040e4       0xec ../waterled_bsp/\libhal_bsp.a(alt_load.o)
                0x000000000000414c                alt_load
 .text          0x00000000000041d0       0x7c ../waterled_bsp/\libhal_bsp.a(alt_main.o)
                0x00000000000041d0                alt_main
 .text          0x000000000000424c       0xa4 ../waterled_bsp/\libhal_bsp.a(alt_sys_init.o)
                0x0000000000004280                alt_irq_init
                0x00000000000042b8                alt_sys_init
 .text          0x00000000000042f0       0xc0 ../waterled_bsp/\libhal_bsp.a(altera_avalon_jtag_uart_fd.o)
                0x00000000000042f0                altera_avalon_jtag_uart_read_fd
                0x0000000000004350                altera_avalon_jtag_uart_write_fd
 .text          0x00000000000043b0       0xec ../waterled_bsp/\libhal_bsp.a(altera_avalon_jtag_uart_read.o)
                0x00000000000043b0                altera_avalon_jtag_uart_read
 .text          0x000000000000449c       0x94 ../waterled_bsp/\libhal_bsp.a(altera_avalon_jtag_uart_write.o)
                0x000000000000449c                altera_avalon_jtag_uart_write
 .text          0x0000000000004530      0x10c ../waterled_bsp/\libhal_bsp.a(alt_close.o)
                0x000000000000456c                close
 .text          0x000000000000463c       0x48 ../waterled_bsp/\libhal_bsp.a(alt_dcache_flush_all.o)
                0x000000000000463c                alt_dcache_flush_all
 .text          0x0000000000004684       0x2c ../waterled_bsp/\libhal_bsp.a(alt_dev.o)
 .text          0x00000000000046b0       0xe0 ../waterled_bsp/\libhal_bsp.a(alt_dev_llist_insert.o)
                0x00000000000046ec                alt_dev_llist_insert
 .text          0x0000000000004790       0x60 ../waterled_bsp/\libhal_bsp.a(alt_do_ctors.o)
                0x0000000000004790                _do_ctors
 .text          0x00000000000047f0       0x60 ../waterled_bsp/\libhal_bsp.a(alt_do_dtors.o)
                0x00000000000047f0                _do_dtors
 .text          0x0000000000004850        0x0 ../waterled_bsp/\libhal_bsp.a(alt_errno.o)
 .text          0x0000000000004850       0x34 ../waterled_bsp/\libhal_bsp.a(alt_icache_flush_all.o)
                0x0000000000004850                alt_icache_flush_all
 .text          0x0000000000004884      0x140 ../waterled_bsp/\libhal_bsp.a(alt_io_redirect.o)
                0x0000000000004948                alt_io_redirect
 .text          0x00000000000049c4      0x254 ../waterled_bsp/\libhal_bsp.a(alt_open.o)
                0x0000000000004ac4                open
 .text          0x0000000000004c18       0x64 ../waterled_bsp/\libhal_bsp.a(alt_release_fd.o)
                0x0000000000004c18                alt_release_fd
 .text          0x0000000000004c7c       0x24 ../waterled_bsp/\libhal_bsp.a(altera_nios2_gen2_irq.o)
                0x0000000000004c7c                altera_nios2_gen2_irq_init
 .text          0x0000000000004ca0       0x90 ../waterled_bsp/\libhal_bsp.a(alt_find_dev.o)
                0x0000000000004ca0                alt_find_dev
 .text          0x0000000000004d30      0x108 ../waterled_bsp/\libhal_bsp.a(alt_find_file.o)
                0x0000000000004d30                alt_find_file
 .text          0x0000000000004e38       0xa4 ../waterled_bsp/\libhal_bsp.a(alt_get_fd.o)
                0x0000000000004e38                alt_get_fd
 .text          0x0000000000004edc       0x90 ../waterled_bsp/\libhal_bsp.a(alt_icache_flush.o)
                0x0000000000004edc                alt_icache_flush
 .text          0x0000000000004f6c        0x0 e:/software/intelfpga/18.1/nios2eds/bin/gnu/h-x86_64-mingw32/bin/../lib/gcc/nios2-elf/5.3.0/../../../../../H-x86_64-mingw32/nios2-elf/lib\libsmallc.a(lib_a-atexit.o)
 .text.atexit   0x0000000000004f6c       0x14 e:/software/intelfpga/18.1/nios2eds/bin/gnu/h-x86_64-mingw32/bin/../lib/gcc/nios2-elf/5.3.0/../../../../../H-x86_64-mingw32/nios2-elf/lib\libsmallc.a(lib_a-atexit.o)
                0x0000000000004f6c                atexit
 .text          0x0000000000004f80        0x0 e:/software/intelfpga/18.1/nios2eds/bin/gnu/h-x86_64-mingw32/bin/../lib/gcc/nios2-elf/5.3.0/../../../../../H-x86_64-mingw32/nios2-elf/lib\libsmallc.a(lib_a-exit.o)
 .text.exit     0x0000000000004f80       0x20 e:/software/intelfpga/18.1/nios2eds/bin/gnu/h-x86_64-mingw32/bin/../lib/gcc/nios2-elf/5.3.0/../../../../../H-x86_64-mingw32/nios2-elf/lib\libsmallc.a(lib_a-exit.o)
                0x0000000000004f80                exit
 .text          0x0000000000004fa0        0x0 e:/software/intelfpga/18.1/nios2eds/bin/gnu/h-x86_64-mingw32/bin/../lib/gcc/nios2-elf/5.3.0/../../../../../H-x86_64-mingw32/nios2-elf/lib\libsmallc.a(lib_a-int_errno.o)
 .text          0x0000000000004fa0        0x0 e:/software/intelfpga/18.1/nios2eds/bin/gnu/h-x86_64-mingw32/bin/../lib/gcc/nios2-elf/5.3.0/../../../../../H-x86_64-mingw32/nios2-elf/lib\libsmallc.a(lib_a-memcmp.o)
 .text.memcmp   0x0000000000004fa0       0x30 e:/software/intelfpga/18.1/nios2eds/bin/gnu/h-x86_64-mingw32/bin/../lib/gcc/nios2-elf/5.3.0/../../../../../H-x86_64-mingw32/nios2-elf/lib\libsmallc.a(lib_a-memcmp.o)
                0x0000000000004fa0                memcmp
 .text          0x0000000000004fd0        0x0 e:/software/intelfpga/18.1/nios2eds/bin/gnu/h-x86_64-mingw32/bin/../lib/gcc/nios2-elf/5.3.0/../../../../../H-x86_64-mingw32/nios2-elf/lib\libsmallc.a(lib_a-strlen.o)
 .text.strlen   0x0000000000004fd0       0x1c e:/software/intelfpga/18.1/nios2eds/bin/gnu/h-x86_64-mingw32/bin/../lib/gcc/nios2-elf/5.3.0/../../../../../H-x86_64-mingw32/nios2-elf/lib\libsmallc.a(lib_a-strlen.o)
                0x0000000000004fd0                strlen
 .text          0x0000000000004fec        0x0 e:/software/intelfpga/18.1/nios2eds/bin/gnu/h-x86_64-mingw32/bin/../lib/gcc/nios2-elf/5.3.0/../../../../../H-x86_64-mingw32/nios2-elf/lib\libsmallc.a(lib_a-__atexit.o)
 .text.__register_exitproc
                0x0000000000004fec      0x158 e:/software/intelfpga/18.1/nios2eds/bin/gnu/h-x86_64-mingw32/bin/../lib/gcc/nios2-elf/5.3.0/../../../../../H-x86_64-mingw32/nios2-elf/lib\libsmallc.a(lib_a-__atexit.o)
                0x0000000000004fec                __register_exitproc
 .text          0x0000000000005144        0x0 e:/software/intelfpga/18.1/nios2eds/bin/gnu/h-x86_64-mingw32/bin/../lib/gcc/nios2-elf/5.3.0/../../../../../H-x86_64-mingw32/nios2-elf/lib\libsmallc.a(lib_a-__call_atexit.o)
 .text.__call_exitprocs
                0x0000000000005144      0x190 e:/software/intelfpga/18.1/nios2eds/bin/gnu/h-x86_64-mingw32/bin/../lib/gcc/nios2-elf/5.3.0/../../../../../H-x86_64-mingw32/nios2-elf/lib\libsmallc.a(lib_a-__call_atexit.o)
                0x0000000000005144                __call_exitprocs
 .text          0x00000000000052d4        0x0 e:/software/intelfpga/18.1/nios2eds/bin/gnu/h-x86_64-mingw32/bin/../lib/gcc/nios2-elf/5.3.0/../../../../../H-x86_64-mingw32/nios2-elf/lib\libsmallc.a(lib_a-impure.o)
 .text          0x00000000000052d4       0x34 ../waterled_bsp/\libhal_bsp.a(alt_exit.o)
                0x00000000000052d4                _exit
 *(.gnu.warning.*)
 *(.fini)
                [!provide]                        PROVIDE (__etext, ABSOLUTE (.))
                [!provide]                        PROVIDE (_etext, ABSOLUTE (.))
                [!provide]                        PROVIDE (etext, ABSOLUTE (.))
 *(.eh_frame_hdr)
                0x0000000000005308                . = ALIGN (0x4)
                [!provide]                        PROVIDE (__preinit_array_start, ABSOLUTE (.))
 *(.preinit_array)
                [!provide]                        PROVIDE (__preinit_array_end, ABSOLUTE (.))
                [!provide]                        PROVIDE (__init_array_start, ABSOLUTE (.))
 *(.init_array)
                [!provide]                        PROVIDE (__init_array_end, ABSOLUTE (.))
                [!provide]                        PROVIDE (__fini_array_start, ABSOLUTE (.))
 *(.fini_array)
                [!provide]                        PROVIDE (__fini_array_end, ABSOLUTE (.))
 *(.eh_frame)
 *(.gcc_except_table .gcc_except_table.*)
 *(.dynamic)
                0x0000000000005308                PROVIDE (__CTOR_LIST__, ABSOLUTE (.))
 *(.ctors)
 *(SORT(.ctors.*))
                0x0000000000005308                PROVIDE (__CTOR_END__, ABSOLUTE (.))
                0x0000000000005308                PROVIDE (__DTOR_LIST__, ABSOLUTE (.))
 *(.dtors)
 *(SORT(.dtors.*))
                0x0000000000005308                PROVIDE (__DTOR_END__, ABSOLUTE (.))
 *(.jcr)
                0x0000000000005308                . = ALIGN (0x4)

.rodata         0x0000000000005308       0x34
                0x0000000000005308                PROVIDE (__ram_rodata_start, ABSOLUTE (.))
                0x0000000000005308                . = ALIGN (0x4)
 *(.rodata .rodata.* .gnu.linkonce.r.*)
 .rodata        0x0000000000005308       0x11 ../waterled_bsp/\libhal_bsp.a(alt_main.o)
 *fill*         0x0000000000005319        0x3 
 .rodata        0x000000000000531c       0x11 ../waterled_bsp/\libhal_bsp.a(alt_sys_init.o)
 *fill*         0x000000000000532d        0x3 
 .rodata        0x0000000000005330        0xa ../waterled_bsp/\libhal_bsp.a(alt_dev.o)
 *(.rodata1)
                0x000000000000533c                . = ALIGN (0x4)
 *fill*         0x000000000000533a        0x2 
                0x000000000000533c                PROVIDE (__ram_rodata_end, ABSOLUTE (.))
                0x0000000000005308                PROVIDE (__flash_rodata_start, LOADADDR (.rodata))

.rwdata         0x000000000000533c      0x2d8 load address 0x0000000000005614
                0x000000000000533c                PROVIDE (__ram_rwdata_start, ABSOLUTE (.))
                0x000000000000533c                . = ALIGN (0x4)
 *(.got.plt)
 *(.got)
 *(.data1)
 *(.data .data.* .gnu.linkonce.d.*)
 .data          0x000000000000533c        0x0 ../waterled_bsp//obj/HAL/src/crt0.o
 .data          0x000000000000533c        0x0 obj/default/hello_world.o
 .data          0x000000000000533c        0x0 ../waterled_bsp/\libhal_bsp.a(alt_load.o)
 .data          0x000000000000533c        0x0 ../waterled_bsp/\libhal_bsp.a(alt_main.o)
 .data          0x000000000000533c       0x2c ../waterled_bsp/\libhal_bsp.a(alt_sys_init.o)
 .data          0x0000000000005368        0x0 ../waterled_bsp/\libhal_bsp.a(altera_avalon_jtag_uart_fd.o)
 .data          0x0000000000005368        0x0 ../waterled_bsp/\libhal_bsp.a(altera_avalon_jtag_uart_read.o)
 .data          0x0000000000005368        0x0 ../waterled_bsp/\libhal_bsp.a(altera_avalon_jtag_uart_write.o)
 .data          0x0000000000005368        0x0 ../waterled_bsp/\libhal_bsp.a(alt_close.o)
 .data          0x0000000000005368        0x0 ../waterled_bsp/\libhal_bsp.a(alt_dcache_flush_all.o)
 .data          0x0000000000005368      0x1a8 ../waterled_bsp/\libhal_bsp.a(alt_dev.o)
                0x0000000000005368                alt_dev_null
                0x0000000000005390                alt_fd_list
 .data          0x0000000000005510        0x0 ../waterled_bsp/\libhal_bsp.a(alt_dev_llist_insert.o)
 .data          0x0000000000005510        0x0 ../waterled_bsp/\libhal_bsp.a(alt_do_ctors.o)
 .data          0x0000000000005510        0x0 ../waterled_bsp/\libhal_bsp.a(alt_do_dtors.o)
 .data          0x0000000000005510        0x0 ../waterled_bsp/\libhal_bsp.a(alt_errno.o)
 .data          0x0000000000005510        0x0 ../waterled_bsp/\libhal_bsp.a(alt_icache_flush_all.o)
 .data          0x0000000000005510        0x0 ../waterled_bsp/\libhal_bsp.a(alt_io_redirect.o)
 .data          0x0000000000005510        0x0 ../waterled_bsp/\libhal_bsp.a(alt_open.o)
 .data          0x0000000000005510        0x0 ../waterled_bsp/\libhal_bsp.a(alt_release_fd.o)
 .data          0x0000000000005510        0x0 ../waterled_bsp/\libhal_bsp.a(altera_nios2_gen2_irq.o)
 .data          0x0000000000005510        0x0 ../waterled_bsp/\libhal_bsp.a(alt_find_dev.o)
 .data          0x0000000000005510        0x0 ../waterled_bsp/\libhal_bsp.a(alt_find_file.o)
 .data          0x0000000000005510        0x0 ../waterled_bsp/\libhal_bsp.a(alt_get_fd.o)
 .data          0x0000000000005510        0x0 ../waterled_bsp/\libhal_bsp.a(alt_icache_flush.o)
 .data          0x0000000000005510        0x0 e:/software/intelfpga/18.1/nios2eds/bin/gnu/h-x86_64-mingw32/bin/../lib/gcc/nios2-elf/5.3.0/../../../../../H-x86_64-mingw32/nios2-elf/lib\libsmallc.a(lib_a-atexit.o)
 .data          0x0000000000005510        0x0 e:/software/intelfpga/18.1/nios2eds/bin/gnu/h-x86_64-mingw32/bin/../lib/gcc/nios2-elf/5.3.0/../../../../../H-x86_64-mingw32/nios2-elf/lib\libsmallc.a(lib_a-exit.o)
 .data          0x0000000000005510        0x0 e:/software/intelfpga/18.1/nios2eds/bin/gnu/h-x86_64-mingw32/bin/../lib/gcc/nios2-elf/5.3.0/../../../../../H-x86_64-mingw32/nios2-elf/lib\libsmallc.a(lib_a-int_errno.o)
 .data          0x0000000000005510        0x0 e:/software/intelfpga/18.1/nios2eds/bin/gnu/h-x86_64-mingw32/bin/../lib/gcc/nios2-elf/5.3.0/../../../../../H-x86_64-mingw32/nios2-elf/lib\libsmallc.a(lib_a-memcmp.o)
 .data          0x0000000000005510        0x0 e:/software/intelfpga/18.1/nios2eds/bin/gnu/h-x86_64-mingw32/bin/../lib/gcc/nios2-elf/5.3.0/../../../../../H-x86_64-mingw32/nios2-elf/lib\libsmallc.a(lib_a-strlen.o)
 .data          0x0000000000005510        0x0 e:/software/intelfpga/18.1/nios2eds/bin/gnu/h-x86_64-mingw32/bin/../lib/gcc/nios2-elf/5.3.0/../../../../../H-x86_64-mingw32/nios2-elf/lib\libsmallc.a(lib_a-__atexit.o)
 .data          0x0000000000005510        0x0 e:/software/intelfpga/18.1/nios2eds/bin/gnu/h-x86_64-mingw32/bin/../lib/gcc/nios2-elf/5.3.0/../../../../../H-x86_64-mingw32/nios2-elf/lib\libsmallc.a(lib_a-__call_atexit.o)
 .data          0x0000000000005510        0x0 e:/software/intelfpga/18.1/nios2eds/bin/gnu/h-x86_64-mingw32/bin/../lib/gcc/nios2-elf/5.3.0/../../../../../H-x86_64-mingw32/nios2-elf/lib\libsmallc.a(lib_a-impure.o)
 .data.impure_data
                0x0000000000005510       0xe0 e:/software/intelfpga/18.1/nios2eds/bin/gnu/h-x86_64-mingw32/bin/../lib/gcc/nios2-elf/5.3.0/../../../../../H-x86_64-mingw32/nios2-elf/lib\libsmallc.a(lib_a-impure.o)
 .data          0x00000000000055f0        0x0 ../waterled_bsp/\libhal_bsp.a(alt_exit.o)
                0x000000000000d5f0                _gp = ABSOLUTE ((. + 0x8000))
                [!provide]                        PROVIDE (gp, _gp)
 *(.rwdata .rwdata.*)
 *(.sdata .sdata.* .gnu.linkonce.s.*)
 .sdata         0x00000000000055f0        0x4 obj/default/hello_world.o
                0x00000000000055f0                led_data
 .sdata         0x00000000000055f4       0x14 ../waterled_bsp/\libhal_bsp.a(alt_dev.o)
                0x00000000000055f4                alt_fs_list
                0x00000000000055fc                alt_dev_list
                0x0000000000005604                alt_max_fd
 .sdata         0x0000000000005608        0x4 ../waterled_bsp/\libhal_bsp.a(alt_errno.o)
                0x0000000000005608                alt_errno
 .sdata._global_impure_ptr
                0x000000000000560c        0x4 e:/software/intelfpga/18.1/nios2eds/bin/gnu/h-x86_64-mingw32/bin/../lib/gcc/nios2-elf/5.3.0/../../../../../H-x86_64-mingw32/nios2-elf/lib\libsmallc.a(lib_a-impure.o)
                0x000000000000560c                _global_impure_ptr
 .sdata._impure_ptr
                0x0000000000005610        0x4 e:/software/intelfpga/18.1/nios2eds/bin/gnu/h-x86_64-mingw32/bin/../lib/gcc/nios2-elf/5.3.0/../../../../../H-x86_64-mingw32/nios2-elf/lib\libsmallc.a(lib_a-impure.o)
                0x0000000000005610                _impure_ptr
 *(.sdata2 .sdata2.* .gnu.linkonce.s2.*)
                0x0000000000005614                . = ALIGN (0x4)
                0x0000000000005614                _edata = ABSOLUTE (.)
                [!provide]                        PROVIDE (edata, ABSOLUTE (.))
                0x0000000000005614                PROVIDE (__ram_rwdata_end, ABSOLUTE (.))
                0x0000000000005614                PROVIDE (__flash_rwdata_start, LOADADDR (.rwdata))

.bss            0x00000000000058ec       0x10
                0x00000000000058ec                __bss_start = ABSOLUTE (.)
                [!provide]                        PROVIDE (__sbss_start, ABSOLUTE (.))
                [!provide]                        PROVIDE (___sbss_start, ABSOLUTE (.))
 *(.dynsbss)
 *(.sbss .sbss.* .gnu.linkonce.sb.*)
 .sbss          0x00000000000058ec        0xc ../waterled_bsp/\libhal_bsp.a(alt_main.o)
                0x00000000000058ec                alt_argc
                0x00000000000058f0                alt_argv
                0x00000000000058f4                alt_envp
 .sbss          0x00000000000058f8        0x4 e:/software/intelfpga/18.1/nios2eds/bin/gnu/h-x86_64-mingw32/bin/../lib/gcc/nios2-elf/5.3.0/../../../../../H-x86_64-mingw32/nios2-elf/lib\libsmallc.a(lib_a-int_errno.o)
                0x00000000000058f8                errno
 *(.sbss2 .sbss2.* .gnu.linkonce.sb2.*)
 *(.scommon)
                [!provide]                        PROVIDE (__sbss_end, ABSOLUTE (.))
                [!provide]                        PROVIDE (___sbss_end, ABSOLUTE (.))
 *(.dynbss)
 *(.bss .bss.* .gnu.linkonce.b.*)
 .bss           0x00000000000058fc        0x0 ../waterled_bsp//obj/HAL/src/crt0.o
 .bss           0x00000000000058fc        0x0 obj/default/hello_world.o
 .bss           0x00000000000058fc        0x0 ../waterled_bsp/\libhal_bsp.a(alt_load.o)
 .bss           0x00000000000058fc        0x0 ../waterled_bsp/\libhal_bsp.a(alt_main.o)
 .bss           0x00000000000058fc        0x0 ../waterled_bsp/\libhal_bsp.a(alt_sys_init.o)
 .bss           0x00000000000058fc        0x0 ../waterled_bsp/\libhal_bsp.a(altera_avalon_jtag_uart_fd.o)
 .bss           0x00000000000058fc        0x0 ../waterled_bsp/\libhal_bsp.a(altera_avalon_jtag_uart_read.o)
 .bss           0x00000000000058fc        0x0 ../waterled_bsp/\libhal_bsp.a(altera_avalon_jtag_uart_write.o)
 .bss           0x00000000000058fc        0x0 ../waterled_bsp/\libhal_bsp.a(alt_close.o)
 .bss           0x00000000000058fc        0x0 ../waterled_bsp/\libhal_bsp.a(alt_dcache_flush_all.o)
 .bss           0x00000000000058fc        0x0 ../waterled_bsp/\libhal_bsp.a(alt_dev.o)
 .bss           0x00000000000058fc        0x0 ../waterled_bsp/\libhal_bsp.a(alt_dev_llist_insert.o)
 .bss           0x00000000000058fc        0x0 ../waterled_bsp/\libhal_bsp.a(alt_do_ctors.o)
 .bss           0x00000000000058fc        0x0 ../waterled_bsp/\libhal_bsp.a(alt_do_dtors.o)
 .bss           0x00000000000058fc        0x0 ../waterled_bsp/\libhal_bsp.a(alt_errno.o)
 .bss           0x00000000000058fc        0x0 ../waterled_bsp/\libhal_bsp.a(alt_icache_flush_all.o)
 .bss           0x00000000000058fc        0x0 ../waterled_bsp/\libhal_bsp.a(alt_io_redirect.o)
 .bss           0x00000000000058fc        0x0 ../waterled_bsp/\libhal_bsp.a(alt_open.o)
 .bss           0x00000000000058fc        0x0 ../waterled_bsp/\libhal_bsp.a(alt_release_fd.o)
 .bss           0x00000000000058fc        0x0 ../waterled_bsp/\libhal_bsp.a(altera_nios2_gen2_irq.o)
 .bss           0x00000000000058fc        0x0 ../waterled_bsp/\libhal_bsp.a(alt_find_dev.o)
 .bss           0x00000000000058fc        0x0 ../waterled_bsp/\libhal_bsp.a(alt_find_file.o)
 .bss           0x00000000000058fc        0x0 ../waterled_bsp/\libhal_bsp.a(alt_get_fd.o)
 .bss           0x00000000000058fc        0x0 ../waterled_bsp/\libhal_bsp.a(alt_icache_flush.o)
 .bss           0x00000000000058fc        0x0 e:/software/intelfpga/18.1/nios2eds/bin/gnu/h-x86_64-mingw32/bin/../lib/gcc/nios2-elf/5.3.0/../../../../../H-x86_64-mingw32/nios2-elf/lib\libsmallc.a(lib_a-atexit.o)
 .bss           0x00000000000058fc        0x0 e:/software/intelfpga/18.1/nios2eds/bin/gnu/h-x86_64-mingw32/bin/../lib/gcc/nios2-elf/5.3.0/../../../../../H-x86_64-mingw32/nios2-elf/lib\libsmallc.a(lib_a-exit.o)
 .bss           0x00000000000058fc        0x0 e:/software/intelfpga/18.1/nios2eds/bin/gnu/h-x86_64-mingw32/bin/../lib/gcc/nios2-elf/5.3.0/../../../../../H-x86_64-mingw32/nios2-elf/lib\libsmallc.a(lib_a-int_errno.o)
 .bss           0x00000000000058fc        0x0 e:/software/intelfpga/18.1/nios2eds/bin/gnu/h-x86_64-mingw32/bin/../lib/gcc/nios2-elf/5.3.0/../../../../../H-x86_64-mingw32/nios2-elf/lib\libsmallc.a(lib_a-memcmp.o)
 .bss           0x00000000000058fc        0x0 e:/software/intelfpga/18.1/nios2eds/bin/gnu/h-x86_64-mingw32/bin/../lib/gcc/nios2-elf/5.3.0/../../../../../H-x86_64-mingw32/nios2-elf/lib\libsmallc.a(lib_a-strlen.o)
 .bss           0x00000000000058fc        0x0 e:/software/intelfpga/18.1/nios2eds/bin/gnu/h-x86_64-mingw32/bin/../lib/gcc/nios2-elf/5.3.0/../../../../../H-x86_64-mingw32/nios2-elf/lib\libsmallc.a(lib_a-__atexit.o)
 .bss           0x00000000000058fc        0x0 e:/software/intelfpga/18.1/nios2eds/bin/gnu/h-x86_64-mingw32/bin/../lib/gcc/nios2-elf/5.3.0/../../../../../H-x86_64-mingw32/nios2-elf/lib\libsmallc.a(lib_a-__call_atexit.o)
 .bss           0x00000000000058fc        0x0 e:/software/intelfpga/18.1/nios2eds/bin/gnu/h-x86_64-mingw32/bin/../lib/gcc/nios2-elf/5.3.0/../../../../../H-x86_64-mingw32/nios2-elf/lib\libsmallc.a(lib_a-impure.o)
 .bss           0x00000000000058fc        0x0 ../waterled_bsp/\libhal_bsp.a(alt_exit.o)
 *(COMMON)
                0x00000000000058fc                . = ALIGN (0x4)
                0x00000000000058fc                __bss_end = ABSOLUTE (.)

.ram            0x00000000000058fc        0x0
                [!provide]                        PROVIDE (_alt_partition_ram_start, ABSOLUTE (.))
 *(.ram .ram. ram.*)
                0x00000000000058fc                . = ALIGN (0x4)
                [!provide]                        PROVIDE (_alt_partition_ram_end, ABSOLUTE (.))
                0x00000000000058fc                _end = ABSOLUTE (.)
                0x00000000000058fc                end = ABSOLUTE (.)
                0x00000000000058fc                __alt_stack_base = ABSOLUTE (.)
                [!provide]                        PROVIDE (_alt_partition_ram_load_addr, LOADADDR (.ram))

.stab
 *(.stab)

.stabstr
 *(.stabstr)

.stab.excl
 *(.stab.excl)

.stab.exclstr
 *(.stab.exclstr)

.stab.index
 *(.stab.index)

.stab.indexstr
 *(.stab.indexstr)

.comment        0x0000000000000000       0x23
 *(.comment)
 .comment       0x0000000000000000       0x23 obj/default/hello_world.o
                                         0x24 (size before relaxing)
 .comment       0x0000000000000023       0x24 ../waterled_bsp/\libhal_bsp.a(alt_load.o)
 .comment       0x0000000000000023       0x24 ../waterled_bsp/\libhal_bsp.a(alt_main.o)
 .comment       0x0000000000000023       0x24 ../waterled_bsp/\libhal_bsp.a(alt_sys_init.o)
 .comment       0x0000000000000023       0x24 ../waterled_bsp/\libhal_bsp.a(altera_avalon_jtag_uart_fd.o)
 .comment       0x0000000000000023       0x24 ../waterled_bsp/\libhal_bsp.a(altera_avalon_jtag_uart_read.o)
 .comment       0x0000000000000023       0x24 ../waterled_bsp/\libhal_bsp.a(altera_avalon_jtag_uart_write.o)
 .comment       0x0000000000000023       0x24 ../waterled_bsp/\libhal_bsp.a(alt_close.o)
 .comment       0x0000000000000023       0x24 ../waterled_bsp/\libhal_bsp.a(alt_dcache_flush_all.o)
 .comment       0x0000000000000023       0x24 ../waterled_bsp/\libhal_bsp.a(alt_dev.o)
 .comment       0x0000000000000023       0x24 ../waterled_bsp/\libhal_bsp.a(alt_dev_llist_insert.o)
 .comment       0x0000000000000023       0x24 ../waterled_bsp/\libhal_bsp.a(alt_do_ctors.o)
 .comment       0x0000000000000023       0x24 ../waterled_bsp/\libhal_bsp.a(alt_do_dtors.o)
 .comment       0x0000000000000023       0x24 ../waterled_bsp/\libhal_bsp.a(alt_errno.o)
 .comment       0x0000000000000023       0x24 ../waterled_bsp/\libhal_bsp.a(alt_icache_flush_all.o)
 .comment       0x0000000000000023       0x24 ../waterled_bsp/\libhal_bsp.a(alt_io_redirect.o)
 .comment       0x0000000000000023       0x24 ../waterled_bsp/\libhal_bsp.a(alt_open.o)
 .comment       0x0000000000000023       0x24 ../waterled_bsp/\libhal_bsp.a(alt_release_fd.o)
 .comment       0x0000000000000023       0x24 ../waterled_bsp/\libhal_bsp.a(altera_nios2_gen2_irq.o)
 .comment       0x0000000000000023       0x24 ../waterled_bsp/\libhal_bsp.a(alt_find_dev.o)
 .comment       0x0000000000000023       0x24 ../waterled_bsp/\libhal_bsp.a(alt_find_file.o)
 .comment       0x0000000000000023       0x24 ../waterled_bsp/\libhal_bsp.a(alt_get_fd.o)
 .comment       0x0000000000000023       0x24 ../waterled_bsp/\libhal_bsp.a(alt_icache_flush.o)
 .comment       0x0000000000000023       0x24 e:/software/intelfpga/18.1/nios2eds/bin/gnu/h-x86_64-mingw32/bin/../lib/gcc/nios2-elf/5.3.0/../../../../../H-x86_64-mingw32/nios2-elf/lib\libsmallc.a(lib_a-atexit.o)
 .comment       0x0000000000000023       0x24 e:/software/intelfpga/18.1/nios2eds/bin/gnu/h-x86_64-mingw32/bin/../lib/gcc/nios2-elf/5.3.0/../../../../../H-x86_64-mingw32/nios2-elf/lib\libsmallc.a(lib_a-exit.o)
 .comment       0x0000000000000023       0x24 e:/software/intelfpga/18.1/nios2eds/bin/gnu/h-x86_64-mingw32/bin/../lib/gcc/nios2-elf/5.3.0/../../../../../H-x86_64-mingw32/nios2-elf/lib\libsmallc.a(lib_a-int_errno.o)
 .comment       0x0000000000000023       0x24 e:/software/intelfpga/18.1/nios2eds/bin/gnu/h-x86_64-mingw32/bin/../lib/gcc/nios2-elf/5.3.0/../../../../../H-x86_64-mingw32/nios2-elf/lib\libsmallc.a(lib_a-memcmp.o)
 .comment       0x0000000000000023       0x24 e:/software/intelfpga/18.1/nios2eds/bin/gnu/h-x86_64-mingw32/bin/../lib/gcc/nios2-elf/5.3.0/../../../../../H-x86_64-mingw32/nios2-elf/lib\libsmallc.a(lib_a-strlen.o)
 .comment       0x0000000000000023       0x24 e:/software/intelfpga/18.1/nios2eds/bin/gnu/h-x86_64-mingw32/bin/../lib/gcc/nios2-elf/5.3.0/../../../../../H-x86_64-mingw32/nios2-elf/lib\libsmallc.a(lib_a-__atexit.o)
 .comment       0x0000000000000023       0x24 e:/software/intelfpga/18.1/nios2eds/bin/gnu/h-x86_64-mingw32/bin/../lib/gcc/nios2-elf/5.3.0/../../../../../H-x86_64-mingw32/nios2-elf/lib\libsmallc.a(lib_a-__call_atexit.o)
 .comment       0x0000000000000023       0x24 e:/software/intelfpga/18.1/nios2eds/bin/gnu/h-x86_64-mingw32/bin/../lib/gcc/nios2-elf/5.3.0/../../../../../H-x86_64-mingw32/nios2-elf/lib\libsmallc.a(lib_a-impure.o)
 .comment       0x0000000000000023       0x24 ../waterled_bsp/\libhal_bsp.a(alt_exit.o)

.debug
 *(.debug)

.line
 *(.line)

.debug_srcinfo
 *(.debug_srcinfo)

.debug_sfnames
 *(.debug_sfnames)

.debug_aranges  0x0000000000000000      0x410
 *(.debug_aranges)
 .debug_aranges
                0x0000000000000000       0x28 ../waterled_bsp//obj/HAL/src/crt0.o
 .debug_aranges
                0x0000000000000028       0x20 obj/default/hello_world.o
 .debug_aranges
                0x0000000000000048       0x20 ../waterled_bsp/\libhal_bsp.a(alt_load.o)
 .debug_aranges
                0x0000000000000068       0x20 ../waterled_bsp/\libhal_bsp.a(alt_main.o)
 .debug_aranges
                0x0000000000000088       0x20 ../waterled_bsp/\libhal_bsp.a(alt_sys_init.o)
 .debug_aranges
                0x00000000000000a8       0x20 ../waterled_bsp/\libhal_bsp.a(altera_avalon_jtag_uart_fd.o)
 .debug_aranges
                0x00000000000000c8       0x20 ../waterled_bsp/\libhal_bsp.a(altera_avalon_jtag_uart_read.o)
 .debug_aranges
                0x00000000000000e8       0x20 ../waterled_bsp/\libhal_bsp.a(altera_avalon_jtag_uart_write.o)
 .debug_aranges
                0x0000000000000108       0x20 ../waterled_bsp/\libhal_bsp.a(alt_close.o)
 .debug_aranges
                0x0000000000000128       0x20 ../waterled_bsp/\libhal_bsp.a(alt_dcache_flush_all.o)
 .debug_aranges
                0x0000000000000148       0x20 ../waterled_bsp/\libhal_bsp.a(alt_dev.o)
 .debug_aranges
                0x0000000000000168       0x20 ../waterled_bsp/\libhal_bsp.a(alt_dev_llist_insert.o)
 .debug_aranges
                0x0000000000000188       0x20 ../waterled_bsp/\libhal_bsp.a(alt_do_ctors.o)
 .debug_aranges
                0x00000000000001a8       0x20 ../waterled_bsp/\libhal_bsp.a(alt_do_dtors.o)
 .debug_aranges
                0x00000000000001c8       0x18 ../waterled_bsp/\libhal_bsp.a(alt_errno.o)
 .debug_aranges
                0x00000000000001e0       0x20 ../waterled_bsp/\libhal_bsp.a(alt_icache_flush_all.o)
 .debug_aranges
                0x0000000000000200       0x20 ../waterled_bsp/\libhal_bsp.a(alt_io_redirect.o)
 .debug_aranges
                0x0000000000000220       0x20 ../waterled_bsp/\libhal_bsp.a(alt_open.o)
 .debug_aranges
                0x0000000000000240       0x20 ../waterled_bsp/\libhal_bsp.a(alt_release_fd.o)
 .debug_aranges
                0x0000000000000260       0x20 ../waterled_bsp/\libhal_bsp.a(altera_nios2_gen2_irq.o)
 .debug_aranges
                0x0000000000000280       0x20 ../waterled_bsp/\libhal_bsp.a(alt_find_dev.o)
 .debug_aranges
                0x00000000000002a0       0x20 ../waterled_bsp/\libhal_bsp.a(alt_find_file.o)
 .debug_aranges
                0x00000000000002c0       0x20 ../waterled_bsp/\libhal_bsp.a(alt_get_fd.o)
 .debug_aranges
                0x00000000000002e0       0x20 ../waterled_bsp/\libhal_bsp.a(alt_icache_flush.o)
 .debug_aranges
                0x0000000000000300       0x20 e:/software/intelfpga/18.1/nios2eds/bin/gnu/h-x86_64-mingw32/bin/../lib/gcc/nios2-elf/5.3.0/../../../../../H-x86_64-mingw32/nios2-elf/lib\libsmallc.a(lib_a-atexit.o)
 .debug_aranges
                0x0000000000000320       0x20 e:/software/intelfpga/18.1/nios2eds/bin/gnu/h-x86_64-mingw32/bin/../lib/gcc/nios2-elf/5.3.0/../../../../../H-x86_64-mingw32/nios2-elf/lib\libsmallc.a(lib_a-exit.o)
 .debug_aranges
                0x0000000000000340       0x18 e:/software/intelfpga/18.1/nios2eds/bin/gnu/h-x86_64-mingw32/bin/../lib/gcc/nios2-elf/5.3.0/../../../../../H-x86_64-mingw32/nios2-elf/lib\libsmallc.a(lib_a-int_errno.o)
 .debug_aranges
                0x0000000000000358       0x20 e:/software/intelfpga/18.1/nios2eds/bin/gnu/h-x86_64-mingw32/bin/../lib/gcc/nios2-elf/5.3.0/../../../../../H-x86_64-mingw32/nios2-elf/lib\libsmallc.a(lib_a-memcmp.o)
 .debug_aranges
                0x0000000000000378       0x20 e:/software/intelfpga/18.1/nios2eds/bin/gnu/h-x86_64-mingw32/bin/../lib/gcc/nios2-elf/5.3.0/../../../../../H-x86_64-mingw32/nios2-elf/lib\libsmallc.a(lib_a-strlen.o)
 .debug_aranges
                0x0000000000000398       0x20 e:/software/intelfpga/18.1/nios2eds/bin/gnu/h-x86_64-mingw32/bin/../lib/gcc/nios2-elf/5.3.0/../../../../../H-x86_64-mingw32/nios2-elf/lib\libsmallc.a(lib_a-__atexit.o)
 .debug_aranges
                0x00000000000003b8       0x20 e:/software/intelfpga/18.1/nios2eds/bin/gnu/h-x86_64-mingw32/bin/../lib/gcc/nios2-elf/5.3.0/../../../../../H-x86_64-mingw32/nios2-elf/lib\libsmallc.a(lib_a-__call_atexit.o)
 .debug_aranges
                0x00000000000003d8       0x18 e:/software/intelfpga/18.1/nios2eds/bin/gnu/h-x86_64-mingw32/bin/../lib/gcc/nios2-elf/5.3.0/../../../../../H-x86_64-mingw32/nios2-elf/lib\libsmallc.a(lib_a-impure.o)
 .debug_aranges
                0x00000000000003f0       0x20 ../waterled_bsp/\libhal_bsp.a(alt_exit.o)

.debug_pubnames
 *(.debug_pubnames)

.debug_info     0x0000000000000000     0x47b8
 *(.debug_info .gnu.linkonce.wi.*)
 .debug_info    0x0000000000000000       0x68 ../waterled_bsp//obj/HAL/src/crt0.o
 .debug_info    0x0000000000000068       0xf9 obj/default/hello_world.o
 .debug_info    0x0000000000000161      0x145 ../waterled_bsp/\libhal_bsp.a(alt_load.o)
 .debug_info    0x00000000000002a6      0x131 ../waterled_bsp/\libhal_bsp.a(alt_main.o)
 .debug_info    0x00000000000003d7      0x3c9 ../waterled_bsp/\libhal_bsp.a(alt_sys_init.o)
 .debug_info    0x00000000000007a0      0x3a7 ../waterled_bsp/\libhal_bsp.a(altera_avalon_jtag_uart_fd.o)
 .debug_info    0x0000000000000b47      0x1b2 ../waterled_bsp/\libhal_bsp.a(altera_avalon_jtag_uart_read.o)
 .debug_info    0x0000000000000cf9      0x195 ../waterled_bsp/\libhal_bsp.a(altera_avalon_jtag_uart_write.o)
 .debug_info    0x0000000000000e8e      0x321 ../waterled_bsp/\libhal_bsp.a(alt_close.o)
 .debug_info    0x00000000000011af       0xa5 ../waterled_bsp/\libhal_bsp.a(alt_dcache_flush_all.o)
 .debug_info    0x0000000000001254      0x49c ../waterled_bsp/\libhal_bsp.a(alt_dev.o)
 .debug_info    0x00000000000016f0      0x1a9 ../waterled_bsp/\libhal_bsp.a(alt_dev_llist_insert.o)
 .debug_info    0x0000000000001899       0x83 ../waterled_bsp/\libhal_bsp.a(alt_do_ctors.o)
 .debug_info    0x000000000000191c       0x83 ../waterled_bsp/\libhal_bsp.a(alt_do_dtors.o)
 .debug_info    0x000000000000199f       0xa6 ../waterled_bsp/\libhal_bsp.a(alt_errno.o)
 .debug_info    0x0000000000001a45       0x92 ../waterled_bsp/\libhal_bsp.a(alt_icache_flush_all.o)
 .debug_info    0x0000000000001ad7      0x4a5 ../waterled_bsp/\libhal_bsp.a(alt_io_redirect.o)
 .debug_info    0x0000000000001f7c      0x3bb ../waterled_bsp/\libhal_bsp.a(alt_open.o)
 .debug_info    0x0000000000002337      0x2b0 ../waterled_bsp/\libhal_bsp.a(alt_release_fd.o)
 .debug_info    0x00000000000025e7       0x92 ../waterled_bsp/\libhal_bsp.a(altera_nios2_gen2_irq.o)
 .debug_info    0x0000000000002679      0x2e9 ../waterled_bsp/\libhal_bsp.a(alt_find_dev.o)
 .debug_info    0x0000000000002962      0x2e6 ../waterled_bsp/\libhal_bsp.a(alt_find_file.o)
 .debug_info    0x0000000000002c48      0x310 ../waterled_bsp/\libhal_bsp.a(alt_get_fd.o)
 .debug_info    0x0000000000002f58       0xdc ../waterled_bsp/\libhal_bsp.a(alt_icache_flush.o)
 .debug_info    0x0000000000003034       0xfe e:/software/intelfpga/18.1/nios2eds/bin/gnu/h-x86_64-mingw32/bin/../lib/gcc/nios2-elf/5.3.0/../../../../../H-x86_64-mingw32/nios2-elf/lib\libsmallc.a(lib_a-atexit.o)
 .debug_info    0x0000000000003132       0xe5 e:/software/intelfpga/18.1/nios2eds/bin/gnu/h-x86_64-mingw32/bin/../lib/gcc/nios2-elf/5.3.0/../../../../../H-x86_64-mingw32/nios2-elf/lib\libsmallc.a(lib_a-exit.o)
 .debug_info    0x0000000000003217       0x8a e:/software/intelfpga/18.1/nios2eds/bin/gnu/h-x86_64-mingw32/bin/../lib/gcc/nios2-elf/5.3.0/../../../../../H-x86_64-mingw32/nios2-elf/lib\libsmallc.a(lib_a-int_errno.o)
 .debug_info    0x00000000000032a1       0xf4 e:/software/intelfpga/18.1/nios2eds/bin/gnu/h-x86_64-mingw32/bin/../lib/gcc/nios2-elf/5.3.0/../../../../../H-x86_64-mingw32/nios2-elf/lib\libsmallc.a(lib_a-memcmp.o)
 .debug_info    0x0000000000003395       0xc9 e:/software/intelfpga/18.1/nios2eds/bin/gnu/h-x86_64-mingw32/bin/../lib/gcc/nios2-elf/5.3.0/../../../../../H-x86_64-mingw32/nios2-elf/lib\libsmallc.a(lib_a-strlen.o)
 .debug_info    0x000000000000345e      0x64a e:/software/intelfpga/18.1/nios2eds/bin/gnu/h-x86_64-mingw32/bin/../lib/gcc/nios2-elf/5.3.0/../../../../../H-x86_64-mingw32/nios2-elf/lib\libsmallc.a(lib_a-__atexit.o)
 .debug_info    0x0000000000003aa8      0x67b e:/software/intelfpga/18.1/nios2eds/bin/gnu/h-x86_64-mingw32/bin/../lib/gcc/nios2-elf/5.3.0/../../../../../H-x86_64-mingw32/nios2-elf/lib\libsmallc.a(lib_a-__call_atexit.o)
 .debug_info    0x0000000000004123      0x5a9 e:/software/intelfpga/18.1/nios2eds/bin/gnu/h-x86_64-mingw32/bin/../lib/gcc/nios2-elf/5.3.0/../../../../../H-x86_64-mingw32/nios2-elf/lib\libsmallc.a(lib_a-impure.o)
 .debug_info    0x00000000000046cc       0xec ../waterled_bsp/\libhal_bsp.a(alt_exit.o)

.debug_abbrev   0x0000000000000000     0x1a27
 *(.debug_abbrev)
 .debug_abbrev  0x0000000000000000       0x12 ../waterled_bsp//obj/HAL/src/crt0.o
 .debug_abbrev  0x0000000000000012       0xa2 obj/default/hello_world.o
 .debug_abbrev  0x00000000000000b4       0x9f ../waterled_bsp/\libhal_bsp.a(alt_load.o)
 .debug_abbrev  0x0000000000000153       0xba ../waterled_bsp/\libhal_bsp.a(alt_main.o)
 .debug_abbrev  0x000000000000020d      0x157 ../waterled_bsp/\libhal_bsp.a(alt_sys_init.o)
 .debug_abbrev  0x0000000000000364       0xf7 ../waterled_bsp/\libhal_bsp.a(altera_avalon_jtag_uart_fd.o)
 .debug_abbrev  0x000000000000045b       0xd5 ../waterled_bsp/\libhal_bsp.a(altera_avalon_jtag_uart_read.o)
 .debug_abbrev  0x0000000000000530       0xd5 ../waterled_bsp/\libhal_bsp.a(altera_avalon_jtag_uart_write.o)
 .debug_abbrev  0x0000000000000605      0x11f ../waterled_bsp/\libhal_bsp.a(alt_close.o)
 .debug_abbrev  0x0000000000000724       0x5a ../waterled_bsp/\libhal_bsp.a(alt_dcache_flush_all.o)
 .debug_abbrev  0x000000000000077e       0xd9 ../waterled_bsp/\libhal_bsp.a(alt_dev.o)
 .debug_abbrev  0x0000000000000857      0x114 ../waterled_bsp/\libhal_bsp.a(alt_dev_llist_insert.o)
 .debug_abbrev  0x000000000000096b       0x79 ../waterled_bsp/\libhal_bsp.a(alt_do_ctors.o)
 .debug_abbrev  0x00000000000009e4       0x79 ../waterled_bsp/\libhal_bsp.a(alt_do_dtors.o)
 .debug_abbrev  0x0000000000000a5d       0x5a ../waterled_bsp/\libhal_bsp.a(alt_errno.o)
 .debug_abbrev  0x0000000000000ab7       0x42 ../waterled_bsp/\libhal_bsp.a(alt_icache_flush_all.o)
 .debug_abbrev  0x0000000000000af9      0x114 ../waterled_bsp/\libhal_bsp.a(alt_io_redirect.o)
 .debug_abbrev  0x0000000000000c0d      0x148 ../waterled_bsp/\libhal_bsp.a(alt_open.o)
 .debug_abbrev  0x0000000000000d55       0xde ../waterled_bsp/\libhal_bsp.a(alt_release_fd.o)
 .debug_abbrev  0x0000000000000e33       0x42 ../waterled_bsp/\libhal_bsp.a(altera_nios2_gen2_irq.o)
 .debug_abbrev  0x0000000000000e75       0xf0 ../waterled_bsp/\libhal_bsp.a(alt_find_dev.o)
 .debug_abbrev  0x0000000000000f65       0xf0 ../waterled_bsp/\libhal_bsp.a(alt_find_file.o)
 .debug_abbrev  0x0000000000001055      0x10d ../waterled_bsp/\libhal_bsp.a(alt_get_fd.o)
 .debug_abbrev  0x0000000000001162       0x8c ../waterled_bsp/\libhal_bsp.a(alt_icache_flush.o)
 .debug_abbrev  0x00000000000011ee       0xaa e:/software/intelfpga/18.1/nios2eds/bin/gnu/h-x86_64-mingw32/bin/../lib/gcc/nios2-elf/5.3.0/../../../../../H-x86_64-mingw32/nios2-elf/lib\libsmallc.a(lib_a-atexit.o)
 .debug_abbrev  0x0000000000001298       0x8b e:/software/intelfpga/18.1/nios2eds/bin/gnu/h-x86_64-mingw32/bin/../lib/gcc/nios2-elf/5.3.0/../../../../../H-x86_64-mingw32/nios2-elf/lib\libsmallc.a(lib_a-exit.o)
 .debug_abbrev  0x0000000000001323       0x37 e:/software/intelfpga/18.1/nios2eds/bin/gnu/h-x86_64-mingw32/bin/../lib/gcc/nios2-elf/5.3.0/../../../../../H-x86_64-mingw32/nios2-elf/lib\libsmallc.a(lib_a-int_errno.o)
 .debug_abbrev  0x000000000000135a       0x7f e:/software/intelfpga/18.1/nios2eds/bin/gnu/h-x86_64-mingw32/bin/../lib/gcc/nios2-elf/5.3.0/../../../../../H-x86_64-mingw32/nios2-elf/lib\libsmallc.a(lib_a-memcmp.o)
 .debug_abbrev  0x00000000000013d9       0x7f e:/software/intelfpga/18.1/nios2eds/bin/gnu/h-x86_64-mingw32/bin/../lib/gcc/nios2-elf/5.3.0/../../../../../H-x86_64-mingw32/nios2-elf/lib\libsmallc.a(lib_a-strlen.o)
 .debug_abbrev  0x0000000000001458      0x1e6 e:/software/intelfpga/18.1/nios2eds/bin/gnu/h-x86_64-mingw32/bin/../lib/gcc/nios2-elf/5.3.0/../../../../../H-x86_64-mingw32/nios2-elf/lib\libsmallc.a(lib_a-__atexit.o)
 .debug_abbrev  0x000000000000163e      0x1f6 e:/software/intelfpga/18.1/nios2eds/bin/gnu/h-x86_64-mingw32/bin/../lib/gcc/nios2-elf/5.3.0/../../../../../H-x86_64-mingw32/nios2-elf/lib\libsmallc.a(lib_a-__call_atexit.o)
 .debug_abbrev  0x0000000000001834      0x14a e:/software/intelfpga/18.1/nios2eds/bin/gnu/h-x86_64-mingw32/bin/../lib/gcc/nios2-elf/5.3.0/../../../../../H-x86_64-mingw32/nios2-elf/lib\libsmallc.a(lib_a-impure.o)
 .debug_abbrev  0x000000000000197e       0xa9 ../waterled_bsp/\libhal_bsp.a(alt_exit.o)

.debug_line     0x0000000000000000     0x1ca7
 *(.debug_line)
 .debug_line    0x0000000000000000       0x72 ../waterled_bsp//obj/HAL/src/crt0.o
 .debug_line    0x0000000000000072       0x6f obj/default/hello_world.o
 .debug_line    0x00000000000000e1       0x8e ../waterled_bsp/\libhal_bsp.a(alt_load.o)
 .debug_line    0x000000000000016f       0xa4 ../waterled_bsp/\libhal_bsp.a(alt_main.o)
 .debug_line    0x0000000000000213      0x127 ../waterled_bsp/\libhal_bsp.a(alt_sys_init.o)
 .debug_line    0x000000000000033a      0x112 ../waterled_bsp/\libhal_bsp.a(altera_avalon_jtag_uart_fd.o)
 .debug_line    0x000000000000044c       0xfd ../waterled_bsp/\libhal_bsp.a(altera_avalon_jtag_uart_read.o)
 .debug_line    0x0000000000000549       0xf4 ../waterled_bsp/\libhal_bsp.a(altera_avalon_jtag_uart_write.o)
 .debug_line    0x000000000000063d      0x169 ../waterled_bsp/\libhal_bsp.a(alt_close.o)
 .debug_line    0x00000000000007a6       0x61 ../waterled_bsp/\libhal_bsp.a(alt_dcache_flush_all.o)
 .debug_line    0x0000000000000807       0xfc ../waterled_bsp/\libhal_bsp.a(alt_dev.o)
 .debug_line    0x0000000000000903       0xcf ../waterled_bsp/\libhal_bsp.a(alt_dev_llist_insert.o)
 .debug_line    0x00000000000009d2       0x59 ../waterled_bsp/\libhal_bsp.a(alt_do_ctors.o)
 .debug_line    0x0000000000000a2b       0x59 ../waterled_bsp/\libhal_bsp.a(alt_do_dtors.o)
 .debug_line    0x0000000000000a84       0x51 ../waterled_bsp/\libhal_bsp.a(alt_errno.o)
 .debug_line    0x0000000000000ad5       0x50 ../waterled_bsp/\libhal_bsp.a(alt_icache_flush_all.o)
 .debug_line    0x0000000000000b25      0x137 ../waterled_bsp/\libhal_bsp.a(alt_io_redirect.o)
 .debug_line    0x0000000000000c5c      0x128 ../waterled_bsp/\libhal_bsp.a(alt_open.o)
 .debug_line    0x0000000000000d84       0xae ../waterled_bsp/\libhal_bsp.a(alt_release_fd.o)
 .debug_line    0x0000000000000e32       0x51 ../waterled_bsp/\libhal_bsp.a(altera_nios2_gen2_irq.o)
 .debug_line    0x0000000000000e83       0xb5 ../waterled_bsp/\libhal_bsp.a(alt_find_dev.o)
 .debug_line    0x0000000000000f38       0xd1 ../waterled_bsp/\libhal_bsp.a(alt_find_file.o)
 .debug_line    0x0000000000001009       0xd4 ../waterled_bsp/\libhal_bsp.a(alt_get_fd.o)
 .debug_line    0x00000000000010dd       0x81 ../waterled_bsp/\libhal_bsp.a(alt_icache_flush.o)
 .debug_line    0x000000000000115e       0xe4 e:/software/intelfpga/18.1/nios2eds/bin/gnu/h-x86_64-mingw32/bin/../lib/gcc/nios2-elf/5.3.0/../../../../../H-x86_64-mingw32/nios2-elf/lib\libsmallc.a(lib_a-atexit.o)
 .debug_line    0x0000000000001242      0x156 e:/software/intelfpga/18.1/nios2eds/bin/gnu/h-x86_64-mingw32/bin/../lib/gcc/nios2-elf/5.3.0/../../../../../H-x86_64-mingw32/nios2-elf/lib\libsmallc.a(lib_a-exit.o)
 .debug_line    0x0000000000001398       0x5c e:/software/intelfpga/18.1/nios2eds/bin/gnu/h-x86_64-mingw32/bin/../lib/gcc/nios2-elf/5.3.0/../../../../../H-x86_64-mingw32/nios2-elf/lib\libsmallc.a(lib_a-int_errno.o)
 .debug_line    0x00000000000013f4      0x15d e:/software/intelfpga/18.1/nios2eds/bin/gnu/h-x86_64-mingw32/bin/../lib/gcc/nios2-elf/5.3.0/../../../../../H-x86_64-mingw32/nios2-elf/lib\libsmallc.a(lib_a-memcmp.o)
 .debug_line    0x0000000000001551      0x159 e:/software/intelfpga/18.1/nios2eds/bin/gnu/h-x86_64-mingw32/bin/../lib/gcc/nios2-elf/5.3.0/../../../../../H-x86_64-mingw32/nios2-elf/lib\libsmallc.a(lib_a-strlen.o)
 .debug_line    0x00000000000016aa      0x20a e:/software/intelfpga/18.1/nios2eds/bin/gnu/h-x86_64-mingw32/bin/../lib/gcc/nios2-elf/5.3.0/../../../../../H-x86_64-mingw32/nios2-elf/lib\libsmallc.a(lib_a-__atexit.o)
 .debug_line    0x00000000000018b4      0x22f e:/software/intelfpga/18.1/nios2eds/bin/gnu/h-x86_64-mingw32/bin/../lib/gcc/nios2-elf/5.3.0/../../../../../H-x86_64-mingw32/nios2-elf/lib\libsmallc.a(lib_a-__call_atexit.o)
 .debug_line    0x0000000000001ae3      0x153 e:/software/intelfpga/18.1/nios2eds/bin/gnu/h-x86_64-mingw32/bin/../lib/gcc/nios2-elf/5.3.0/../../../../../H-x86_64-mingw32/nios2-elf/lib\libsmallc.a(lib_a-impure.o)
 .debug_line    0x0000000000001c36       0x71 ../waterled_bsp/\libhal_bsp.a(alt_exit.o)

.debug_frame    0x0000000000000000      0x748
 *(.debug_frame)
 .debug_frame   0x0000000000000000       0x2c obj/default/hello_world.o
 .debug_frame   0x000000000000002c       0x5c ../waterled_bsp/\libhal_bsp.a(alt_load.o)
 .debug_frame   0x0000000000000088       0x2c ../waterled_bsp/\libhal_bsp.a(alt_main.o)
 .debug_frame   0x00000000000000b4       0x88 ../waterled_bsp/\libhal_bsp.a(alt_sys_init.o)
 .debug_frame   0x000000000000013c       0x60 ../waterled_bsp/\libhal_bsp.a(altera_avalon_jtag_uart_fd.o)
 .debug_frame   0x000000000000019c       0x34 ../waterled_bsp/\libhal_bsp.a(altera_avalon_jtag_uart_read.o)
 .debug_frame   0x00000000000001d0       0x34 ../waterled_bsp/\libhal_bsp.a(altera_avalon_jtag_uart_write.o)
 .debug_frame   0x0000000000000204       0x60 ../waterled_bsp/\libhal_bsp.a(alt_close.o)
 .debug_frame   0x0000000000000264       0x34 ../waterled_bsp/\libhal_bsp.a(alt_dcache_flush_all.o)
 .debug_frame   0x0000000000000298       0x34 ../waterled_bsp/\libhal_bsp.a(alt_dev.o)
 .debug_frame   0x00000000000002cc       0x60 ../waterled_bsp/\libhal_bsp.a(alt_dev_llist_insert.o)
 .debug_frame   0x000000000000032c       0x38 ../waterled_bsp/\libhal_bsp.a(alt_do_ctors.o)
 .debug_frame   0x0000000000000364       0x38 ../waterled_bsp/\libhal_bsp.a(alt_do_dtors.o)
 .debug_frame   0x000000000000039c       0x38 ../waterled_bsp/\libhal_bsp.a(alt_icache_flush_all.o)
 .debug_frame   0x00000000000003d4       0x60 ../waterled_bsp/\libhal_bsp.a(alt_io_redirect.o)
 .debug_frame   0x0000000000000434       0x84 ../waterled_bsp/\libhal_bsp.a(alt_open.o)
 .debug_frame   0x00000000000004b8       0x34 ../waterled_bsp/\libhal_bsp.a(alt_release_fd.o)
 .debug_frame   0x00000000000004ec       0x34 ../waterled_bsp/\libhal_bsp.a(altera_nios2_gen2_irq.o)
 .debug_frame   0x0000000000000520       0x38 ../waterled_bsp/\libhal_bsp.a(alt_find_dev.o)
 .debug_frame   0x0000000000000558       0x38 ../waterled_bsp/\libhal_bsp.a(alt_find_file.o)
 .debug_frame   0x0000000000000590       0x34 ../waterled_bsp/\libhal_bsp.a(alt_get_fd.o)
 .debug_frame   0x00000000000005c4       0x34 ../waterled_bsp/\libhal_bsp.a(alt_icache_flush.o)
 .debug_frame   0x00000000000005f8       0x20 e:/software/intelfpga/18.1/nios2eds/bin/gnu/h-x86_64-mingw32/bin/../lib/gcc/nios2-elf/5.3.0/../../../../../H-x86_64-mingw32/nios2-elf/lib\libsmallc.a(lib_a-atexit.o)
 .debug_frame   0x0000000000000618       0x28 e:/software/intelfpga/18.1/nios2eds/bin/gnu/h-x86_64-mingw32/bin/../lib/gcc/nios2-elf/5.3.0/../../../../../H-x86_64-mingw32/nios2-elf/lib\libsmallc.a(lib_a-exit.o)
 .debug_frame   0x0000000000000640       0x20 e:/software/intelfpga/18.1/nios2eds/bin/gnu/h-x86_64-mingw32/bin/../lib/gcc/nios2-elf/5.3.0/../../../../../H-x86_64-mingw32/nios2-elf/lib\libsmallc.a(lib_a-memcmp.o)
 .debug_frame   0x0000000000000660       0x20 e:/software/intelfpga/18.1/nios2eds/bin/gnu/h-x86_64-mingw32/bin/../lib/gcc/nios2-elf/5.3.0/../../../../../H-x86_64-mingw32/nios2-elf/lib\libsmallc.a(lib_a-strlen.o)
 .debug_frame   0x0000000000000680       0x48 e:/software/intelfpga/18.1/nios2eds/bin/gnu/h-x86_64-mingw32/bin/../lib/gcc/nios2-elf/5.3.0/../../../../../H-x86_64-mingw32/nios2-elf/lib\libsmallc.a(lib_a-__atexit.o)
 .debug_frame   0x00000000000006c8       0x54 e:/software/intelfpga/18.1/nios2eds/bin/gnu/h-x86_64-mingw32/bin/../lib/gcc/nios2-elf/5.3.0/../../../../../H-x86_64-mingw32/nios2-elf/lib\libsmallc.a(lib_a-__call_atexit.o)
 .debug_frame   0x000000000000071c       0x2c ../waterled_bsp/\libhal_bsp.a(alt_exit.o)

.debug_str      0x0000000000000000     0x1082
 *(.debug_str)
 .debug_str     0x0000000000000000       0xf9 obj/default/hello_world.o
                                        0x13d (size before relaxing)
 .debug_str     0x00000000000000f9      0x125 ../waterled_bsp/\libhal_bsp.a(alt_load.o)
                                        0x209 (size before relaxing)
 .debug_str     0x000000000000021e       0x70 ../waterled_bsp/\libhal_bsp.a(alt_main.o)
                                        0x194 (size before relaxing)
 .debug_str     0x000000000000028e      0x157 ../waterled_bsp/\libhal_bsp.a(alt_sys_init.o)
                                        0x2cb (size before relaxing)
 .debug_str     0x00000000000003e5       0x77 ../waterled_bsp/\libhal_bsp.a(altera_avalon_jtag_uart_fd.o)
                                        0x2cc (size before relaxing)
 .debug_str     0x000000000000045c       0x48 ../waterled_bsp/\libhal_bsp.a(altera_avalon_jtag_uart_read.o)
                                        0x216 (size before relaxing)
 .debug_str     0x00000000000004a4       0x4a ../waterled_bsp/\libhal_bsp.a(altera_avalon_jtag_uart_write.o)
                                        0x20c (size before relaxing)
 .debug_str     0x00000000000004ee       0x44 ../waterled_bsp/\libhal_bsp.a(alt_close.o)
                                        0x202 (size before relaxing)
 .debug_str     0x0000000000000532       0x34 ../waterled_bsp/\libhal_bsp.a(alt_dcache_flush_all.o)
                                        0x14c (size before relaxing)
 .debug_str     0x0000000000000566      0x120 ../waterled_bsp/\libhal_bsp.a(alt_dev.o)
                                        0x2fc (size before relaxing)
 .debug_str     0x0000000000000686       0x4b ../waterled_bsp/\libhal_bsp.a(alt_dev_llist_insert.o)
                                        0x1c3 (size before relaxing)
 .debug_str     0x00000000000006d1       0x48 ../waterled_bsp/\libhal_bsp.a(alt_do_ctors.o)
                                         0xc7 (size before relaxing)
 .debug_str     0x0000000000000719       0x4c ../waterled_bsp/\libhal_bsp.a(alt_do_dtors.o)
                                         0xc6 (size before relaxing)
 .debug_str     0x0000000000000765       0x14 ../waterled_bsp/\libhal_bsp.a(alt_errno.o)
                                        0x13c (size before relaxing)
 .debug_str     0x0000000000000779       0x34 ../waterled_bsp/\libhal_bsp.a(alt_icache_flush_all.o)
                                        0x14c (size before relaxing)
 .debug_str     0x00000000000007ad       0x56 ../waterled_bsp/\libhal_bsp.a(alt_io_redirect.o)
                                        0x30d (size before relaxing)
 .debug_str     0x0000000000000803       0x36 ../waterled_bsp/\libhal_bsp.a(alt_open.o)
                                        0x242 (size before relaxing)
 .debug_str     0x0000000000000839       0x28 ../waterled_bsp/\libhal_bsp.a(alt_release_fd.o)
                                        0x1ca (size before relaxing)
 .debug_str     0x0000000000000861       0x3b ../waterled_bsp/\libhal_bsp.a(altera_nios2_gen2_irq.o)
                                        0x153 (size before relaxing)
 .debug_str     0x000000000000089c       0x24 ../waterled_bsp/\libhal_bsp.a(alt_find_dev.o)
                                        0x1e3 (size before relaxing)
 .debug_str     0x00000000000008c0       0x26 ../waterled_bsp/\libhal_bsp.a(alt_find_file.o)
                                        0x1f1 (size before relaxing)
 .debug_str     0x00000000000008e6       0x30 ../waterled_bsp/\libhal_bsp.a(alt_get_fd.o)
                                        0x213 (size before relaxing)
 .debug_str     0x0000000000000916       0x2c ../waterled_bsp/\libhal_bsp.a(alt_icache_flush.o)
                                        0x152 (size before relaxing)
 .debug_str     0x0000000000000942      0x15d e:/software/intelfpga/18.1/nios2eds/bin/gnu/h-x86_64-mingw32/bin/../lib/gcc/nios2-elf/5.3.0/../../../../../H-x86_64-mingw32/nios2-elf/lib\libsmallc.a(lib_a-atexit.o)
                                        0x202 (size before relaxing)
 .debug_str     0x0000000000000a9f       0x49 e:/software/intelfpga/18.1/nios2eds/bin/gnu/h-x86_64-mingw32/bin/../lib/gcc/nios2-elf/5.3.0/../../../../../H-x86_64-mingw32/nios2-elf/lib\libsmallc.a(lib_a-exit.o)
                                        0x1d6 (size before relaxing)
 .debug_str     0x0000000000000ae8       0xc5 e:/software/intelfpga/18.1/nios2eds/bin/gnu/h-x86_64-mingw32/bin/../lib/gcc/nios2-elf/5.3.0/../../../../../H-x86_64-mingw32/nios2-elf/lib\libsmallc.a(lib_a-int_errno.o)
                                        0x1be (size before relaxing)
 .debug_str     0x0000000000000bad       0xd2 e:/software/intelfpga/18.1/nios2eds/bin/gnu/h-x86_64-mingw32/bin/../lib/gcc/nios2-elf/5.3.0/../../../../../H-x86_64-mingw32/nios2-elf/lib\libsmallc.a(lib_a-memcmp.o)
                                        0x1c5 (size before relaxing)
 .debug_str     0x0000000000000c7f       0x41 e:/software/intelfpga/18.1/nios2eds/bin/gnu/h-x86_64-mingw32/bin/../lib/gcc/nios2-elf/5.3.0/../../../../../H-x86_64-mingw32/nios2-elf/lib\libsmallc.a(lib_a-strlen.o)
                                        0x1cb (size before relaxing)
 .debug_str     0x0000000000000cc0      0x2f1 e:/software/intelfpga/18.1/nios2eds/bin/gnu/h-x86_64-mingw32/bin/../lib/gcc/nios2-elf/5.3.0/../../../../../H-x86_64-mingw32/nios2-elf/lib\libsmallc.a(lib_a-__atexit.o)
                                        0x4e5 (size before relaxing)
 .debug_str     0x0000000000000fb1       0x62 e:/software/intelfpga/18.1/nios2eds/bin/gnu/h-x86_64-mingw32/bin/../lib/gcc/nios2-elf/5.3.0/../../../../../H-x86_64-mingw32/nios2-elf/lib\libsmallc.a(lib_a-__call_atexit.o)
                                        0x4d1 (size before relaxing)
 .debug_str     0x0000000000001013       0x45 e:/software/intelfpga/18.1/nios2eds/bin/gnu/h-x86_64-mingw32/bin/../lib/gcc/nios2-elf/5.3.0/../../../../../H-x86_64-mingw32/nios2-elf/lib\libsmallc.a(lib_a-impure.o)
                                        0x4a4 (size before relaxing)
 .debug_str     0x0000000000001058       0x2a ../waterled_bsp/\libhal_bsp.a(alt_exit.o)
                                        0x148 (size before relaxing)

.debug_loc      0x0000000000000000      0x413
 *(.debug_loc)
 .debug_loc     0x0000000000000000       0x2c e:/software/intelfpga/18.1/nios2eds/bin/gnu/h-x86_64-mingw32/bin/../lib/gcc/nios2-elf/5.3.0/../../../../../H-x86_64-mingw32/nios2-elf/lib\libsmallc.a(lib_a-atexit.o)
 .debug_loc     0x000000000000002c       0x1e e:/software/intelfpga/18.1/nios2eds/bin/gnu/h-x86_64-mingw32/bin/../lib/gcc/nios2-elf/5.3.0/../../../../../H-x86_64-mingw32/nios2-elf/lib\libsmallc.a(lib_a-exit.o)
 .debug_loc     0x000000000000004a       0x94 e:/software/intelfpga/18.1/nios2eds/bin/gnu/h-x86_64-mingw32/bin/../lib/gcc/nios2-elf/5.3.0/../../../../../H-x86_64-mingw32/nios2-elf/lib\libsmallc.a(lib_a-memcmp.o)
 .debug_loc     0x00000000000000de       0x1e e:/software/intelfpga/18.1/nios2eds/bin/gnu/h-x86_64-mingw32/bin/../lib/gcc/nios2-elf/5.3.0/../../../../../H-x86_64-mingw32/nios2-elf/lib\libsmallc.a(lib_a-strlen.o)
 .debug_loc     0x00000000000000fc      0x1c0 e:/software/intelfpga/18.1/nios2eds/bin/gnu/h-x86_64-mingw32/bin/../lib/gcc/nios2-elf/5.3.0/../../../../../H-x86_64-mingw32/nios2-elf/lib\libsmallc.a(lib_a-__atexit.o)
 .debug_loc     0x00000000000002bc      0x157 e:/software/intelfpga/18.1/nios2eds/bin/gnu/h-x86_64-mingw32/bin/../lib/gcc/nios2-elf/5.3.0/../../../../../H-x86_64-mingw32/nios2-elf/lib\libsmallc.a(lib_a-__call_atexit.o)

.debug_macinfo
 *(.debug_macinfo)

.debug_weaknames
 *(.debug_weaknames)

.debug_funcnames
 *(.debug_funcnames)

.debug_typenames
 *(.debug_typenames)

.debug_varnames
 *(.debug_varnames)

.debug_alt_sim_info
                0x0000000000000000       0x30
 *(.debug_alt_sim_info)
 .debug_alt_sim_info
                0x0000000000000000       0x30 ../waterled_bsp//obj/HAL/src/crt0.o
                0x0000000000006800                __alt_data_end = 0x6800
                0x0000000000006800                PROVIDE (__alt_stack_pointer, __alt_data_end)
                [!provide]                        PROVIDE (__alt_stack_limit, __alt_stack_base)
                [!provide]                        PROVIDE (__alt_heap_start, end)
                [!provide]                        PROVIDE (__alt_heap_limit, 0x6800)
OUTPUT(waterled.elf elf32-littlenios2)

.debug_ranges   0x0000000000000000       0xb0
 .debug_ranges  0x0000000000000000       0x20 ../waterled_bsp//obj/HAL/src/crt0.o
 .debug_ranges  0x0000000000000020       0x18 ../waterled_bsp/\libhal_bsp.a(altera_avalon_jtag_uart_read.o)
 .debug_ranges  0x0000000000000038       0x10 e:/software/intelfpga/18.1/nios2eds/bin/gnu/h-x86_64-mingw32/bin/../lib/gcc/nios2-elf/5.3.0/../../../../../H-x86_64-mingw32/nios2-elf/lib\libsmallc.a(lib_a-atexit.o)
 .debug_ranges  0x0000000000000048       0x10 e:/software/intelfpga/18.1/nios2eds/bin/gnu/h-x86_64-mingw32/bin/../lib/gcc/nios2-elf/5.3.0/../../../../../H-x86_64-mingw32/nios2-elf/lib\libsmallc.a(lib_a-exit.o)
 .debug_ranges  0x0000000000000058       0x10 e:/software/intelfpga/18.1/nios2eds/bin/gnu/h-x86_64-mingw32/bin/../lib/gcc/nios2-elf/5.3.0/../../../../../H-x86_64-mingw32/nios2-elf/lib\libsmallc.a(lib_a-memcmp.o)
 .debug_ranges  0x0000000000000068       0x10 e:/software/intelfpga/18.1/nios2eds/bin/gnu/h-x86_64-mingw32/bin/../lib/gcc/nios2-elf/5.3.0/../../../../../H-x86_64-mingw32/nios2-elf/lib\libsmallc.a(lib_a-strlen.o)
 .debug_ranges  0x0000000000000078       0x10 e:/software/intelfpga/18.1/nios2eds/bin/gnu/h-x86_64-mingw32/bin/../lib/gcc/nios2-elf/5.3.0/../../../../../H-x86_64-mingw32/nios2-elf/lib\libsmallc.a(lib_a-__atexit.o)
 .debug_ranges  0x0000000000000088       0x28 e:/software/intelfpga/18.1/nios2eds/bin/gnu/h-x86_64-mingw32/bin/../lib/gcc/nios2-elf/5.3.0/../../../../../H-x86_64-mingw32/nios2-elf/lib\libsmallc.a(lib_a-__call_atexit.o)
