Archive member included to satisfy reference by file (symbol)

../hello_nioii_bsp/\libhal_bsp.a(alt_iic.o)
                              obj/default/hello_world.o (alt_ic_isr_register)
../hello_nioii_bsp/\libhal_bsp.a(alt_iic_isr_register.o)
                              ../hello_nioii_bsp/\libhal_bsp.a(alt_iic.o) (alt_iic_isr_register)
../hello_nioii_bsp/\libhal_bsp.a(alt_irq_entry.o)
                              ../hello_nioii_bsp/\libhal_bsp.a(alt_iic_isr_register.o) (alt_irq_entry)
../hello_nioii_bsp/\libhal_bsp.a(alt_irq_handler.o)
                              ../hello_nioii_bsp/\libhal_bsp.a(alt_iic_isr_register.o) (alt_irq)
../hello_nioii_bsp/\libhal_bsp.a(alt_irq_vars.o)
                              ../hello_nioii_bsp/\libhal_bsp.a(alt_iic.o) (alt_irq_active)
../hello_nioii_bsp/\libhal_bsp.a(alt_load.o)
                              ../hello_nioii_bsp//obj/HAL/src/crt0.o (alt_load)
../hello_nioii_bsp/\libhal_bsp.a(alt_main.o)
                              ../hello_nioii_bsp//obj/HAL/src/crt0.o (alt_main)
../hello_nioii_bsp/\libhal_bsp.a(alt_sys_init.o)
                              ../hello_nioii_bsp/\libhal_bsp.a(alt_main.o) (alt_irq_init)
../hello_nioii_bsp/\libhal_bsp.a(altera_avalon_jtag_uart_fd.o)
                              ../hello_nioii_bsp/\libhal_bsp.a(alt_sys_init.o) (altera_avalon_jtag_uart_read_fd)
../hello_nioii_bsp/\libhal_bsp.a(altera_avalon_jtag_uart_read.o)
                              ../hello_nioii_bsp/\libhal_bsp.a(altera_avalon_jtag_uart_fd.o) (altera_avalon_jtag_uart_read)
../hello_nioii_bsp/\libhal_bsp.a(altera_avalon_jtag_uart_write.o)
                              ../hello_nioii_bsp/\libhal_bsp.a(altera_avalon_jtag_uart_fd.o) (altera_avalon_jtag_uart_write)
../hello_nioii_bsp/\libhal_bsp.a(altera_avalon_uart_fd.o)
                              ../hello_nioii_bsp/\libhal_bsp.a(alt_sys_init.o) (altera_avalon_uart_read_fd)
../hello_nioii_bsp/\libhal_bsp.a(altera_avalon_uart_read.o)
                              ../hello_nioii_bsp/\libhal_bsp.a(altera_avalon_uart_fd.o) (altera_avalon_uart_read)
../hello_nioii_bsp/\libhal_bsp.a(altera_avalon_uart_write.o)
                              ../hello_nioii_bsp/\libhal_bsp.a(altera_avalon_uart_fd.o) (altera_avalon_uart_write)
../hello_nioii_bsp/\libhal_bsp.a(alt_close.o)
                              ../hello_nioii_bsp/\libhal_bsp.a(alt_main.o) (close)
../hello_nioii_bsp/\libhal_bsp.a(alt_dcache_flush_all.o)
                              ../hello_nioii_bsp/\libhal_bsp.a(alt_load.o) (alt_dcache_flush_all)
../hello_nioii_bsp/\libhal_bsp.a(alt_dev.o)
                              ../hello_nioii_bsp/\libhal_bsp.a(alt_sys_init.o) (alt_dev_list)
../hello_nioii_bsp/\libhal_bsp.a(alt_dev_llist_insert.o)
                              ../hello_nioii_bsp/\libhal_bsp.a(alt_sys_init.o) (alt_dev_llist_insert)
../hello_nioii_bsp/\libhal_bsp.a(alt_do_ctors.o)
                              ../hello_nioii_bsp/\libhal_bsp.a(alt_main.o) (_do_ctors)
../hello_nioii_bsp/\libhal_bsp.a(alt_do_dtors.o)
                              ../hello_nioii_bsp/\libhal_bsp.a(alt_main.o) (_do_dtors)
../hello_nioii_bsp/\libhal_bsp.a(alt_errno.o)
                              ../hello_nioii_bsp/\libhal_bsp.a(altera_avalon_uart_read.o) (alt_errno)
../hello_nioii_bsp/\libhal_bsp.a(alt_exception_entry.o)
                              ../hello_nioii_bsp/\libhal_bsp.a(alt_irq_entry.o) (alt_exception)
../hello_nioii_bsp/\libhal_bsp.a(alt_icache_flush_all.o)
                              ../hello_nioii_bsp/\libhal_bsp.a(alt_load.o) (alt_icache_flush_all)
../hello_nioii_bsp/\libhal_bsp.a(alt_instruction_exception_entry.o)
                              ../hello_nioii_bsp/\libhal_bsp.a(alt_exception_entry.o) (alt_instruction_exception_entry)
../hello_nioii_bsp/\libhal_bsp.a(alt_io_redirect.o)
                              ../hello_nioii_bsp/\libhal_bsp.a(alt_main.o) (alt_io_redirect)
../hello_nioii_bsp/\libhal_bsp.a(alt_open.o)
                              ../hello_nioii_bsp/\libhal_bsp.a(alt_io_redirect.o) (open)
../hello_nioii_bsp/\libhal_bsp.a(alt_release_fd.o)
                              ../hello_nioii_bsp/\libhal_bsp.a(alt_close.o) (alt_release_fd)
../hello_nioii_bsp/\libhal_bsp.a(altera_nios2_gen2_irq.o)
                              ../hello_nioii_bsp/\libhal_bsp.a(alt_sys_init.o) (altera_nios2_gen2_irq_init)
../hello_nioii_bsp/\libhal_bsp.a(alt_find_dev.o)
                              ../hello_nioii_bsp/\libhal_bsp.a(alt_open.o) (alt_find_dev)
../hello_nioii_bsp/\libhal_bsp.a(alt_find_file.o)
                              ../hello_nioii_bsp/\libhal_bsp.a(alt_open.o) (alt_find_file)
../hello_nioii_bsp/\libhal_bsp.a(alt_get_fd.o)
                              ../hello_nioii_bsp/\libhal_bsp.a(alt_open.o) (alt_get_fd)
../hello_nioii_bsp/\libhal_bsp.a(alt_icache_flush.o)
                              ../hello_nioii_bsp/\libhal_bsp.a(alt_icache_flush_all.o) (alt_icache_flush)
e:/software/intelfpga/18.1/nios2eds/bin/gnu/h-x86_64-mingw32/bin/../lib/gcc/nios2-elf/5.3.0/../../../../../H-x86_64-mingw32/nios2-elf/lib\libsmallc.a(lib_a-atexit.o)
                              ../hello_nioii_bsp/\libhal_bsp.a(alt_main.o) (atexit)
e:/software/intelfpga/18.1/nios2eds/bin/gnu/h-x86_64-mingw32/bin/../lib/gcc/nios2-elf/5.3.0/../../../../../H-x86_64-mingw32/nios2-elf/lib\libsmallc.a(lib_a-exit.o)
                              ../hello_nioii_bsp/\libhal_bsp.a(alt_main.o) (exit)
e:/software/intelfpga/18.1/nios2eds/bin/gnu/h-x86_64-mingw32/bin/../lib/gcc/nios2-elf/5.3.0/../../../../../H-x86_64-mingw32/nios2-elf/lib\libsmallc.a(lib_a-int_errno.o)
                              ../hello_nioii_bsp/\libhal_bsp.a(altera_avalon_uart_read.o) (errno)
e:/software/intelfpga/18.1/nios2eds/bin/gnu/h-x86_64-mingw32/bin/../lib/gcc/nios2-elf/5.3.0/../../../../../H-x86_64-mingw32/nios2-elf/lib\libsmallc.a(lib_a-memcmp.o)
                              ../hello_nioii_bsp/\libhal_bsp.a(alt_find_dev.o) (memcmp)
e:/software/intelfpga/18.1/nios2eds/bin/gnu/h-x86_64-mingw32/bin/../lib/gcc/nios2-elf/5.3.0/../../../../../H-x86_64-mingw32/nios2-elf/lib\libsmallc.a(lib_a-strlen.o)
                              ../hello_nioii_bsp/\libhal_bsp.a(alt_find_dev.o) (strlen)
e:/software/intelfpga/18.1/nios2eds/bin/gnu/h-x86_64-mingw32/bin/../lib/gcc/nios2-elf/5.3.0/../../../../../H-x86_64-mingw32/nios2-elf/lib\libsmallc.a(lib_a-__atexit.o)
                              e:/software/intelfpga/18.1/nios2eds/bin/gnu/h-x86_64-mingw32/bin/../lib/gcc/nios2-elf/5.3.0/../../../../../H-x86_64-mingw32/nios2-elf/lib\libsmallc.a(lib_a-atexit.o) (__register_exitproc)
e:/software/intelfpga/18.1/nios2eds/bin/gnu/h-x86_64-mingw32/bin/../lib/gcc/nios2-elf/5.3.0/../../../../../H-x86_64-mingw32/nios2-elf/lib\libsmallc.a(lib_a-__call_atexit.o)
                              e:/software/intelfpga/18.1/nios2eds/bin/gnu/h-x86_64-mingw32/bin/../lib/gcc/nios2-elf/5.3.0/../../../../../H-x86_64-mingw32/nios2-elf/lib\libsmallc.a(lib_a-exit.o) (__call_exitprocs)
e:/software/intelfpga/18.1/nios2eds/bin/gnu/h-x86_64-mingw32/bin/../lib/gcc/nios2-elf/5.3.0/../../../../../H-x86_64-mingw32/nios2-elf/lib\libsmallc.a(lib_a-impure.o)
                              e:/software/intelfpga/18.1/nios2eds/bin/gnu/h-x86_64-mingw32/bin/../lib/gcc/nios2-elf/5.3.0/../../../../../H-x86_64-mingw32/nios2-elf/lib\libsmallc.a(lib_a-__atexit.o) (_global_impure_ptr)
../hello_nioii_bsp/\libhal_bsp.a(alt_exit.o)
                              e:/software/intelfpga/18.1/nios2eds/bin/gnu/h-x86_64-mingw32/bin/../lib/gcc/nios2-elf/5.3.0/../../../../../H-x86_64-mingw32/nios2-elf/lib\libsmallc.a(lib_a-exit.o) (_exit)

Allocating common symbols
Common symbol       size              file

alt_irq             0x100             ../hello_nioii_bsp/\libhal_bsp.a(alt_irq_handler.o)
errno               0x4               e:/software/intelfpga/18.1/nios2eds/bin/gnu/h-x86_64-mingw32/bin/../lib/gcc/nios2-elf/5.3.0/../../../../../H-x86_64-mingw32/nios2-elf/lib\libsmallc.a(lib_a-int_errno.o)

Memory Configuration

Name             Origin             Length             Attributes
reset            0x0000000000004000 0x0000000000000020
ram              0x0000000000004020 0x00000000000027e0
*default*        0x0000000000000000 0xffffffffffffffff

Linker script and memory map

LOAD ../hello_nioii_bsp//obj/HAL/src/crt0.o
LOAD obj/default/hello_world.o
LOAD e:/software/intelfpga/18.1/nios2eds/bin/gnu/h-x86_64-mingw32/bin/../lib/gcc/nios2-elf/5.3.0/../../../../../H-x86_64-mingw32/nios2-elf/lib\libstdc++.a
LOAD e:/software/intelfpga/18.1/nios2eds/bin/gnu/h-x86_64-mingw32/bin/../lib/gcc/nios2-elf/5.3.0/../../../../../H-x86_64-mingw32/nios2-elf/lib\libm.a
LOAD e:/software/intelfpga/18.1/nios2eds/bin/gnu/h-x86_64-mingw32/bin/../lib/gcc/nios2-elf/5.3.0\libgcc.a
START GROUP
LOAD e:/software/intelfpga/18.1/nios2eds/bin/gnu/h-x86_64-mingw32/bin/../lib/gcc/nios2-elf/5.3.0/../../../../../H-x86_64-mingw32/nios2-elf/lib\libsmallc.a
LOAD e:/software/intelfpga/18.1/nios2eds/bin/gnu/h-x86_64-mingw32/bin/../lib/gcc/nios2-elf/5.3.0\libgcc.a
LOAD ../hello_nioii_bsp/\libhal_bsp.a
LOAD e:/software/intelfpga/18.1/nios2eds/bin/gnu/h-x86_64-mingw32/bin/../lib/gcc/nios2-elf/5.3.0/../../../../../H-x86_64-mingw32/nios2-elf/lib\libm.a
END GROUP
LOAD e:/software/intelfpga/18.1/nios2eds/bin/gnu/h-x86_64-mingw32/bin/../lib/gcc/nios2-elf/5.3.0\libgcc.a
                0x0000000000004000                __alt_mem_ram = 0x4000

.entry          0x0000000000004000       0x20
 *(.entry)
 .entry         0x0000000000004000       0x20 ../hello_nioii_bsp//obj/HAL/src/crt0.o
                0x0000000000004000                __reset

.exceptions     0x0000000000004020      0x224
                0x0000000000004020                PROVIDE (__ram_exceptions_start, ABSOLUTE (.))
                0x0000000000004020                . = ALIGN (0x20)
 *(.irq)
 *(.exceptions.entry.label)
 .exceptions.entry.label
                0x0000000000004020        0x0 ../hello_nioii_bsp/\libhal_bsp.a(alt_irq_entry.o)
                0x0000000000004020                alt_irq_entry
 .exceptions.entry.label
                0x0000000000004020        0x0 ../hello_nioii_bsp/\libhal_bsp.a(alt_exception_entry.o)
                0x0000000000004020                alt_exception
 *(.exceptions.entry.user)
 *(.exceptions.entry.ecc_fatal)
 *(.exceptions.entry)
 .exceptions.entry
                0x0000000000004020       0x54 ../hello_nioii_bsp/\libhal_bsp.a(alt_exception_entry.o)
 *(.exceptions.irqtest.user)
 *(.exceptions.irqtest)
 .exceptions.irqtest
                0x0000000000004074       0x10 ../hello_nioii_bsp/\libhal_bsp.a(alt_irq_entry.o)
 *(.exceptions.irqhandler.user)
 *(.exceptions.irqhandler)
 .exceptions.irqhandler
                0x0000000000004084        0x4 ../hello_nioii_bsp/\libhal_bsp.a(alt_irq_entry.o)
 *(.exceptions.irqreturn.user)
 *(.exceptions.irqreturn)
 .exceptions.irqreturn
                0x0000000000004088        0x4 ../hello_nioii_bsp/\libhal_bsp.a(alt_irq_entry.o)
 *(.exceptions.notirq.label)
 .exceptions.notirq.label
                0x000000000000408c        0x0 ../hello_nioii_bsp/\libhal_bsp.a(alt_irq_entry.o)
 *(.exceptions.notirq.user)
 *(.exceptions.notirq)
 .exceptions.notirq
                0x000000000000408c        0x8 ../hello_nioii_bsp/\libhal_bsp.a(alt_exception_entry.o)
 *(.exceptions.soft.user)
 *(.exceptions.soft)
 *(.exceptions.unknown.user)
 *(.exceptions.unknown)
 .exceptions.unknown
                0x0000000000004094       0x14 ../hello_nioii_bsp/\libhal_bsp.a(alt_exception_entry.o)
 *(.exceptions.exit.label)
 .exceptions.exit.label
                0x00000000000040a8        0x0 ../hello_nioii_bsp/\libhal_bsp.a(alt_irq_entry.o)
 .exceptions.exit.label
                0x00000000000040a8        0x0 ../hello_nioii_bsp/\libhal_bsp.a(alt_exception_entry.o)
 *(.exceptions.exit.user)
 *(.exceptions.exit)
 .exceptions.exit
                0x00000000000040a8       0x54 ../hello_nioii_bsp/\libhal_bsp.a(alt_exception_entry.o)
 *(.exceptions)
 .exceptions    0x00000000000040fc       0xd4 ../hello_nioii_bsp/\libhal_bsp.a(alt_irq_handler.o)
                0x00000000000040fc                alt_irq_handler
 .exceptions    0x00000000000041d0       0x74 ../hello_nioii_bsp/\libhal_bsp.a(alt_instruction_exception_entry.o)
                0x00000000000041d0                alt_instruction_exception_entry
                0x0000000000004244                PROVIDE (__ram_exceptions_end, ABSOLUTE (.))
                0x0000000000004020                PROVIDE (__flash_exceptions_start, LOADADDR (.exceptions))

.text           0x0000000000004244     0x1984
                [!provide]                        PROVIDE (stext, ABSOLUTE (.))
 *(.interp)
 *(.hash)
 *(.dynsym)
 *(.dynstr)
 *(.gnu.version)
 *(.gnu.version_d)
 *(.gnu.version_r)
 *(.rel.init)
 *(.rela.init)
 *(.rel.text .rel.text.* .rel.gnu.linkonce.t.*)
 *(.rela.text .rela.text.* .rela.gnu.linkonce.t.*)
 *(.rel.fini)
 *(.rela.fini)
 *(.rel.rodata .rel.rodata.* .rel.gnu.linkonce.r.*)
 *(.rela.rodata .rela.rodata.* .rela.gnu.linkonce.r.*)
 *(.rel.data .rel.data.* .rel.gnu.linkonce.d.*)
 *(.rela.data .rela.data.* .rela.gnu.linkonce.d.*)
 *(.rel.tdata .rel.tdata.* .rel.gnu.linkonce.td.*)
 *(.rela.tdata .rela.tdata.* .rela.gnu.linkonce.td.*)
 *(.rel.tbss .rel.tbss.* .rel.gnu.linkonce.tb.*)
 *(.rela.tbss .rela.tbss.* .rela.gnu.linkonce.tb.*)
 *(.rel.ctors)
 *(.rela.ctors)
 *(.rel.dtors)
 *(.rela.dtors)
 *(.rel.got)
 *(.rela.got)
 *(.rel.sdata .rel.sdata.* .rel.gnu.linkonce.s.*)
 *(.rela.sdata .rela.sdata.* .rela.gnu.linkonce.s.*)
 *(.rel.sbss .rel.sbss.* .rel.gnu.linkonce.sb.*)
 *(.rela.sbss .rela.sbss.* .rela.gnu.linkonce.sb.*)
 *(.rel.sdata2 .rel.sdata2.* .rel.gnu.linkonce.s2.*)
 *(.rela.sdata2 .rela.sdata2.* .rela.gnu.linkonce.s2.*)
 *(.rel.sbss2 .rel.sbss2.* .rel.gnu.linkonce.sb2.*)
 *(.rela.sbss2 .rela.sbss2.* .rela.gnu.linkonce.sb2.*)
 *(.rel.bss .rel.bss.* .rel.gnu.linkonce.b.*)
 *(.rela.bss .rela.bss.* .rela.gnu.linkonce.b.*)
 *(.rel.plt)
 *(.rela.plt)
 *(.rel.dyn)
 *(.init)
 *(.plt)
 *(.text .stub .text.* .gnu.linkonce.t.*)
 .text          0x0000000000004244       0x4c ../hello_nioii_bsp//obj/HAL/src/crt0.o
                0x0000000000004244                _start
 .text          0x0000000000004290       0xf0 obj/default/hello_world.o
                0x0000000000004290                IRQ_UART_Interrupts
                0x00000000000042e8                IRQ_init
                0x0000000000004340                main
 .text          0x0000000000004380      0x1b0 ../hello_nioii_bsp/\libhal_bsp.a(alt_iic.o)
                0x0000000000004380                alt_ic_isr_register
                0x00000000000043d0                alt_ic_irq_enable
                0x0000000000004458                alt_ic_irq_disable
                0x00000000000044e4                alt_ic_irq_enabled
 .text          0x0000000000004530       0xf0 ../hello_nioii_bsp/\libhal_bsp.a(alt_iic_isr_register.o)
                0x0000000000004530                alt_iic_isr_register
 .text          0x0000000000004620        0x0 ../hello_nioii_bsp/\libhal_bsp.a(alt_irq_entry.o)
 .text          0x0000000000004620        0x0 ../hello_nioii_bsp/\libhal_bsp.a(alt_irq_handler.o)
 .text          0x0000000000004620        0x0 ../hello_nioii_bsp/\libhal_bsp.a(alt_irq_vars.o)
 .text          0x0000000000004620       0xec ../hello_nioii_bsp/\libhal_bsp.a(alt_load.o)
                0x0000000000004688                alt_load
 .text          0x000000000000470c       0x7c ../hello_nioii_bsp/\libhal_bsp.a(alt_main.o)
                0x000000000000470c                alt_main
 .text          0x0000000000004788       0xb0 ../hello_nioii_bsp/\libhal_bsp.a(alt_sys_init.o)
                0x00000000000047bc                alt_irq_init
                0x00000000000047f4                alt_sys_init
 .text          0x0000000000004838       0xc0 ../hello_nioii_bsp/\libhal_bsp.a(altera_avalon_jtag_uart_fd.o)
                0x0000000000004838                altera_avalon_jtag_uart_read_fd
                0x0000000000004898                altera_avalon_jtag_uart_write_fd
 .text          0x00000000000048f8       0xec ../hello_nioii_bsp/\libhal_bsp.a(altera_avalon_jtag_uart_read.o)
                0x00000000000048f8                altera_avalon_jtag_uart_read
 .text          0x00000000000049e4       0x94 ../hello_nioii_bsp/\libhal_bsp.a(altera_avalon_jtag_uart_write.o)
                0x00000000000049e4                altera_avalon_jtag_uart_write
 .text          0x0000000000004a78       0xc0 ../hello_nioii_bsp/\libhal_bsp.a(altera_avalon_uart_fd.o)
                0x0000000000004a78                altera_avalon_uart_read_fd
                0x0000000000004ad8                altera_avalon_uart_write_fd
 .text          0x0000000000004b38      0x100 ../hello_nioii_bsp/\libhal_bsp.a(altera_avalon_uart_read.o)
                0x0000000000004b74                altera_avalon_uart_read
 .text          0x0000000000004c38      0x11c ../hello_nioii_bsp/\libhal_bsp.a(altera_avalon_uart_write.o)
                0x0000000000004c74                altera_avalon_uart_write
 .text          0x0000000000004d54      0x10c ../hello_nioii_bsp/\libhal_bsp.a(alt_close.o)
                0x0000000000004d90                close
 .text          0x0000000000004e60       0x48 ../hello_nioii_bsp/\libhal_bsp.a(alt_dcache_flush_all.o)
                0x0000000000004e60                alt_dcache_flush_all
 .text          0x0000000000004ea8       0x2c ../hello_nioii_bsp/\libhal_bsp.a(alt_dev.o)
 .text          0x0000000000004ed4       0xe0 ../hello_nioii_bsp/\libhal_bsp.a(alt_dev_llist_insert.o)
                0x0000000000004f10                alt_dev_llist_insert
 .text          0x0000000000004fb4       0x60 ../hello_nioii_bsp/\libhal_bsp.a(alt_do_ctors.o)
                0x0000000000004fb4                _do_ctors
 .text          0x0000000000005014       0x60 ../hello_nioii_bsp/\libhal_bsp.a(alt_do_dtors.o)
                0x0000000000005014                _do_dtors
 .text          0x0000000000005074        0x0 ../hello_nioii_bsp/\libhal_bsp.a(alt_errno.o)
 .text          0x0000000000005074        0x0 ../hello_nioii_bsp/\libhal_bsp.a(alt_exception_entry.o)
 .text          0x0000000000005074       0x34 ../hello_nioii_bsp/\libhal_bsp.a(alt_icache_flush_all.o)
                0x0000000000005074                alt_icache_flush_all
 .text          0x00000000000050a8       0x9c ../hello_nioii_bsp/\libhal_bsp.a(alt_instruction_exception_entry.o)
                0x00000000000050a8                alt_exception_cause_generated_bad_addr
 .text          0x0000000000005144      0x140 ../hello_nioii_bsp/\libhal_bsp.a(alt_io_redirect.o)
                0x0000000000005208                alt_io_redirect
 .text          0x0000000000005284      0x254 ../hello_nioii_bsp/\libhal_bsp.a(alt_open.o)
                0x0000000000005384                open
 .text          0x00000000000054d8       0x64 ../hello_nioii_bsp/\libhal_bsp.a(alt_release_fd.o)
                0x00000000000054d8                alt_release_fd
 .text          0x000000000000553c       0x24 ../hello_nioii_bsp/\libhal_bsp.a(altera_nios2_gen2_irq.o)
                0x000000000000553c                altera_nios2_gen2_irq_init
 .text          0x0000000000005560       0x90 ../hello_nioii_bsp/\libhal_bsp.a(alt_find_dev.o)
                0x0000000000005560                alt_find_dev
 .text          0x00000000000055f0      0x108 ../hello_nioii_bsp/\libhal_bsp.a(alt_find_file.o)
                0x00000000000055f0                alt_find_file
 .text          0x00000000000056f8       0xa4 ../hello_nioii_bsp/\libhal_bsp.a(alt_get_fd.o)
                0x00000000000056f8                alt_get_fd
 .text          0x000000000000579c       0x90 ../hello_nioii_bsp/\libhal_bsp.a(alt_icache_flush.o)
                0x000000000000579c                alt_icache_flush
 .text          0x000000000000582c        0x0 e:/software/intelfpga/18.1/nios2eds/bin/gnu/h-x86_64-mingw32/bin/../lib/gcc/nios2-elf/5.3.0/../../../../../H-x86_64-mingw32/nios2-elf/lib\libsmallc.a(lib_a-atexit.o)
 .text.atexit   0x000000000000582c       0x14 e:/software/intelfpga/18.1/nios2eds/bin/gnu/h-x86_64-mingw32/bin/../lib/gcc/nios2-elf/5.3.0/../../../../../H-x86_64-mingw32/nios2-elf/lib\libsmallc.a(lib_a-atexit.o)
                0x000000000000582c                atexit
 .text          0x0000000000005840        0x0 e:/software/intelfpga/18.1/nios2eds/bin/gnu/h-x86_64-mingw32/bin/../lib/gcc/nios2-elf/5.3.0/../../../../../H-x86_64-mingw32/nios2-elf/lib\libsmallc.a(lib_a-exit.o)
 .text.exit     0x0000000000005840       0x20 e:/software/intelfpga/18.1/nios2eds/bin/gnu/h-x86_64-mingw32/bin/../lib/gcc/nios2-elf/5.3.0/../../../../../H-x86_64-mingw32/nios2-elf/lib\libsmallc.a(lib_a-exit.o)
                0x0000000000005840                exit
 .text          0x0000000000005860        0x0 e:/software/intelfpga/18.1/nios2eds/bin/gnu/h-x86_64-mingw32/bin/../lib/gcc/nios2-elf/5.3.0/../../../../../H-x86_64-mingw32/nios2-elf/lib\libsmallc.a(lib_a-int_errno.o)
 .text          0x0000000000005860        0x0 e:/software/intelfpga/18.1/nios2eds/bin/gnu/h-x86_64-mingw32/bin/../lib/gcc/nios2-elf/5.3.0/../../../../../H-x86_64-mingw32/nios2-elf/lib\libsmallc.a(lib_a-memcmp.o)
 .text.memcmp   0x0000000000005860       0x30 e:/software/intelfpga/18.1/nios2eds/bin/gnu/h-x86_64-mingw32/bin/../lib/gcc/nios2-elf/5.3.0/../../../../../H-x86_64-mingw32/nios2-elf/lib\libsmallc.a(lib_a-memcmp.o)
                0x0000000000005860                memcmp
 .text          0x0000000000005890        0x0 e:/software/intelfpga/18.1/nios2eds/bin/gnu/h-x86_64-mingw32/bin/../lib/gcc/nios2-elf/5.3.0/../../../../../H-x86_64-mingw32/nios2-elf/lib\libsmallc.a(lib_a-strlen.o)
 .text.strlen   0x0000000000005890       0x1c e:/software/intelfpga/18.1/nios2eds/bin/gnu/h-x86_64-mingw32/bin/../lib/gcc/nios2-elf/5.3.0/../../../../../H-x86_64-mingw32/nios2-elf/lib\libsmallc.a(lib_a-strlen.o)
                0x0000000000005890                strlen
 .text          0x00000000000058ac        0x0 e:/software/intelfpga/18.1/nios2eds/bin/gnu/h-x86_64-mingw32/bin/../lib/gcc/nios2-elf/5.3.0/../../../../../H-x86_64-mingw32/nios2-elf/lib\libsmallc.a(lib_a-__atexit.o)
 .text.__register_exitproc
                0x00000000000058ac      0x158 e:/software/intelfpga/18.1/nios2eds/bin/gnu/h-x86_64-mingw32/bin/../lib/gcc/nios2-elf/5.3.0/../../../../../H-x86_64-mingw32/nios2-elf/lib\libsmallc.a(lib_a-__atexit.o)
                0x00000000000058ac                __register_exitproc
 .text          0x0000000000005a04        0x0 e:/software/intelfpga/18.1/nios2eds/bin/gnu/h-x86_64-mingw32/bin/../lib/gcc/nios2-elf/5.3.0/../../../../../H-x86_64-mingw32/nios2-elf/lib\libsmallc.a(lib_a-__call_atexit.o)
 .text.__call_exitprocs
                0x0000000000005a04      0x190 e:/software/intelfpga/18.1/nios2eds/bin/gnu/h-x86_64-mingw32/bin/../lib/gcc/nios2-elf/5.3.0/../../../../../H-x86_64-mingw32/nios2-elf/lib\libsmallc.a(lib_a-__call_atexit.o)
                0x0000000000005a04                __call_exitprocs
 .text          0x0000000000005b94        0x0 e:/software/intelfpga/18.1/nios2eds/bin/gnu/h-x86_64-mingw32/bin/../lib/gcc/nios2-elf/5.3.0/../../../../../H-x86_64-mingw32/nios2-elf/lib\libsmallc.a(lib_a-impure.o)
 .text          0x0000000000005b94       0x34 ../hello_nioii_bsp/\libhal_bsp.a(alt_exit.o)
                0x0000000000005b94                _exit
 *(.gnu.warning.*)
 *(.fini)
                [!provide]                        PROVIDE (__etext, ABSOLUTE (.))
                [!provide]                        PROVIDE (_etext, ABSOLUTE (.))
                [!provide]                        PROVIDE (etext, ABSOLUTE (.))
 *(.eh_frame_hdr)
                0x0000000000005bc8                . = ALIGN (0x4)
                [!provide]                        PROVIDE (__preinit_array_start, ABSOLUTE (.))
 *(.preinit_array)
                [!provide]                        PROVIDE (__preinit_array_end, ABSOLUTE (.))
                [!provide]                        PROVIDE (__init_array_start, ABSOLUTE (.))
 *(.init_array)
                [!provide]                        PROVIDE (__init_array_end, ABSOLUTE (.))
                [!provide]                        PROVIDE (__fini_array_start, ABSOLUTE (.))
 *(.fini_array)
                [!provide]                        PROVIDE (__fini_array_end, ABSOLUTE (.))
 *(.eh_frame)
 *(.gcc_except_table .gcc_except_table.*)
 *(.dynamic)
                0x0000000000005bc8                PROVIDE (__CTOR_LIST__, ABSOLUTE (.))
 *(.ctors)
 *(SORT(.ctors.*))
                0x0000000000005bc8                PROVIDE (__CTOR_END__, ABSOLUTE (.))
                0x0000000000005bc8                PROVIDE (__DTOR_LIST__, ABSOLUTE (.))
 *(.dtors)
 *(SORT(.dtors.*))
                0x0000000000005bc8                PROVIDE (__DTOR_END__, ABSOLUTE (.))
 *(.jcr)
                0x0000000000005bc8                . = ALIGN (0x4)

.rodata         0x0000000000005bc8       0x50
                0x0000000000005bc8                PROVIDE (__ram_rodata_start, ABSOLUTE (.))
                0x0000000000005bc8                . = ALIGN (0x4)
 *(.rodata .rodata.* .gnu.linkonce.r.*)
 .rodata        0x0000000000005bc8        0xe obj/default/hello_world.o
 *fill*         0x0000000000005bd6        0x2 
 .rodata        0x0000000000005bd8       0x11 ../hello_nioii_bsp/\libhal_bsp.a(alt_main.o)
 *fill*         0x0000000000005be9        0x3 
 .rodata        0x0000000000005bec       0x20 ../hello_nioii_bsp/\libhal_bsp.a(alt_sys_init.o)
 .rodata        0x0000000000005c0c        0xa ../hello_nioii_bsp/\libhal_bsp.a(alt_dev.o)
 *(.rodata1)
                0x0000000000005c18                . = ALIGN (0x4)
 *fill*         0x0000000000005c16        0x2 
                0x0000000000005c18                PROVIDE (__ram_rodata_end, ABSOLUTE (.))
                0x0000000000005bc8                PROVIDE (__flash_rodata_start, LOADADDR (.rodata))

.rwdata         0x0000000000005c18      0x304 load address 0x0000000000005f1c
                0x0000000000005c18                PROVIDE (__ram_rwdata_start, ABSOLUTE (.))
                0x0000000000005c18                . = ALIGN (0x4)
 *(.got.plt)
 *(.got)
 *(.data1)
 *(.data .data.* .gnu.linkonce.d.*)
 .data          0x0000000000005c18        0x0 ../hello_nioii_bsp//obj/HAL/src/crt0.o
 .data          0x0000000000005c18        0x0 obj/default/hello_world.o
 .data          0x0000000000005c18        0x0 ../hello_nioii_bsp/\libhal_bsp.a(alt_iic.o)
 .data          0x0000000000005c18        0x0 ../hello_nioii_bsp/\libhal_bsp.a(alt_iic_isr_register.o)
 .data          0x0000000000005c18        0x0 ../hello_nioii_bsp/\libhal_bsp.a(alt_irq_entry.o)
 .data          0x0000000000005c18        0x0 ../hello_nioii_bsp/\libhal_bsp.a(alt_irq_handler.o)
 .data          0x0000000000005c18        0x0 ../hello_nioii_bsp/\libhal_bsp.a(alt_irq_vars.o)
 .data          0x0000000000005c18        0x0 ../hello_nioii_bsp/\libhal_bsp.a(alt_load.o)
 .data          0x0000000000005c18        0x0 ../hello_nioii_bsp/\libhal_bsp.a(alt_main.o)
 .data          0x0000000000005c18       0x58 ../hello_nioii_bsp/\libhal_bsp.a(alt_sys_init.o)
 .data          0x0000000000005c70        0x0 ../hello_nioii_bsp/\libhal_bsp.a(altera_avalon_jtag_uart_fd.o)
 .data          0x0000000000005c70        0x0 ../hello_nioii_bsp/\libhal_bsp.a(altera_avalon_jtag_uart_read.o)
 .data          0x0000000000005c70        0x0 ../hello_nioii_bsp/\libhal_bsp.a(altera_avalon_jtag_uart_write.o)
 .data          0x0000000000005c70        0x0 ../hello_nioii_bsp/\libhal_bsp.a(altera_avalon_uart_fd.o)
 .data          0x0000000000005c70        0x0 ../hello_nioii_bsp/\libhal_bsp.a(altera_avalon_uart_read.o)
 .data          0x0000000000005c70        0x0 ../hello_nioii_bsp/\libhal_bsp.a(altera_avalon_uart_write.o)
 .data          0x0000000000005c70        0x0 ../hello_nioii_bsp/\libhal_bsp.a(alt_close.o)
 .data          0x0000000000005c70        0x0 ../hello_nioii_bsp/\libhal_bsp.a(alt_dcache_flush_all.o)
 .data          0x0000000000005c70      0x1a8 ../hello_nioii_bsp/\libhal_bsp.a(alt_dev.o)
                0x0000000000005c70                alt_dev_null
                0x0000000000005c98                alt_fd_list
 .data          0x0000000000005e18        0x0 ../hello_nioii_bsp/\libhal_bsp.a(alt_dev_llist_insert.o)
 .data          0x0000000000005e18        0x0 ../hello_nioii_bsp/\libhal_bsp.a(alt_do_ctors.o)
 .data          0x0000000000005e18        0x0 ../hello_nioii_bsp/\libhal_bsp.a(alt_do_dtors.o)
 .data          0x0000000000005e18        0x0 ../hello_nioii_bsp/\libhal_bsp.a(alt_errno.o)
 .data          0x0000000000005e18        0x0 ../hello_nioii_bsp/\libhal_bsp.a(alt_exception_entry.o)
 .data          0x0000000000005e18        0x0 ../hello_nioii_bsp/\libhal_bsp.a(alt_icache_flush_all.o)
 .data          0x0000000000005e18        0x0 ../hello_nioii_bsp/\libhal_bsp.a(alt_instruction_exception_entry.o)
 .data          0x0000000000005e18        0x0 ../hello_nioii_bsp/\libhal_bsp.a(alt_io_redirect.o)
 .data          0x0000000000005e18        0x0 ../hello_nioii_bsp/\libhal_bsp.a(alt_open.o)
 .data          0x0000000000005e18        0x0 ../hello_nioii_bsp/\libhal_bsp.a(alt_release_fd.o)
 .data          0x0000000000005e18        0x0 ../hello_nioii_bsp/\libhal_bsp.a(altera_nios2_gen2_irq.o)
 .data          0x0000000000005e18        0x0 ../hello_nioii_bsp/\libhal_bsp.a(alt_find_dev.o)
 .data          0x0000000000005e18        0x0 ../hello_nioii_bsp/\libhal_bsp.a(alt_find_file.o)
 .data          0x0000000000005e18        0x0 ../hello_nioii_bsp/\libhal_bsp.a(alt_get_fd.o)
 .data          0x0000000000005e18        0x0 ../hello_nioii_bsp/\libhal_bsp.a(alt_icache_flush.o)
 .data          0x0000000000005e18        0x0 e:/software/intelfpga/18.1/nios2eds/bin/gnu/h-x86_64-mingw32/bin/../lib/gcc/nios2-elf/5.3.0/../../../../../H-x86_64-mingw32/nios2-elf/lib\libsmallc.a(lib_a-atexit.o)
 .data          0x0000000000005e18        0x0 e:/software/intelfpga/18.1/nios2eds/bin/gnu/h-x86_64-mingw32/bin/../lib/gcc/nios2-elf/5.3.0/../../../../../H-x86_64-mingw32/nios2-elf/lib\libsmallc.a(lib_a-exit.o)
 .data          0x0000000000005e18        0x0 e:/software/intelfpga/18.1/nios2eds/bin/gnu/h-x86_64-mingw32/bin/../lib/gcc/nios2-elf/5.3.0/../../../../../H-x86_64-mingw32/nios2-elf/lib\libsmallc.a(lib_a-int_errno.o)
 .data          0x0000000000005e18        0x0 e:/software/intelfpga/18.1/nios2eds/bin/gnu/h-x86_64-mingw32/bin/../lib/gcc/nios2-elf/5.3.0/../../../../../H-x86_64-mingw32/nios2-elf/lib\libsmallc.a(lib_a-memcmp.o)
 .data          0x0000000000005e18        0x0 e:/software/intelfpga/18.1/nios2eds/bin/gnu/h-x86_64-mingw32/bin/../lib/gcc/nios2-elf/5.3.0/../../../../../H-x86_64-mingw32/nios2-elf/lib\libsmallc.a(lib_a-strlen.o)
 .data          0x0000000000005e18        0x0 e:/software/intelfpga/18.1/nios2eds/bin/gnu/h-x86_64-mingw32/bin/../lib/gcc/nios2-elf/5.3.0/../../../../../H-x86_64-mingw32/nios2-elf/lib\libsmallc.a(lib_a-__atexit.o)
 .data          0x0000000000005e18        0x0 e:/software/intelfpga/18.1/nios2eds/bin/gnu/h-x86_64-mingw32/bin/../lib/gcc/nios2-elf/5.3.0/../../../../../H-x86_64-mingw32/nios2-elf/lib\libsmallc.a(lib_a-__call_atexit.o)
 .data          0x0000000000005e18        0x0 e:/software/intelfpga/18.1/nios2eds/bin/gnu/h-x86_64-mingw32/bin/../lib/gcc/nios2-elf/5.3.0/../../../../../H-x86_64-mingw32/nios2-elf/lib\libsmallc.a(lib_a-impure.o)
 .data.impure_data
                0x0000000000005e18       0xe0 e:/software/intelfpga/18.1/nios2eds/bin/gnu/h-x86_64-mingw32/bin/../lib/gcc/nios2-elf/5.3.0/../../../../../H-x86_64-mingw32/nios2-elf/lib\libsmallc.a(lib_a-impure.o)
 .data          0x0000000000005ef8        0x0 ../hello_nioii_bsp/\libhal_bsp.a(alt_exit.o)
                0x000000000000def8                _gp = ABSOLUTE ((. + 0x8000))
                [!provide]                        PROVIDE (gp, _gp)
 *(.rwdata .rwdata.*)
 *(.sdata .sdata.* .gnu.linkonce.s.*)
 .sdata         0x0000000000005ef8        0x4 ../hello_nioii_bsp/\libhal_bsp.a(alt_irq_vars.o)
                0x0000000000005ef8                alt_priority_mask
 .sdata         0x0000000000005efc       0x14 ../hello_nioii_bsp/\libhal_bsp.a(alt_dev.o)
                0x0000000000005efc                alt_fs_list
                0x0000000000005f04                alt_dev_list
                0x0000000000005f0c                alt_max_fd
 .sdata         0x0000000000005f10        0x4 ../hello_nioii_bsp/\libhal_bsp.a(alt_errno.o)
                0x0000000000005f10                alt_errno
 .sdata._global_impure_ptr
                0x0000000000005f14        0x4 e:/software/intelfpga/18.1/nios2eds/bin/gnu/h-x86_64-mingw32/bin/../lib/gcc/nios2-elf/5.3.0/../../../../../H-x86_64-mingw32/nios2-elf/lib\libsmallc.a(lib_a-impure.o)
                0x0000000000005f14                _global_impure_ptr
 .sdata._impure_ptr
                0x0000000000005f18        0x4 e:/software/intelfpga/18.1/nios2eds/bin/gnu/h-x86_64-mingw32/bin/../lib/gcc/nios2-elf/5.3.0/../../../../../H-x86_64-mingw32/nios2-elf/lib\libsmallc.a(lib_a-impure.o)
                0x0000000000005f18                _impure_ptr
 *(.sdata2 .sdata2.* .gnu.linkonce.s2.*)
                0x0000000000005f1c                . = ALIGN (0x4)
                0x0000000000005f1c                _edata = ABSOLUTE (.)
                [!provide]                        PROVIDE (edata, ABSOLUTE (.))
                0x0000000000005f1c                PROVIDE (__ram_rwdata_end, ABSOLUTE (.))
                0x0000000000005f1c                PROVIDE (__flash_rwdata_start, LOADADDR (.rwdata))

.bss            0x0000000000006220      0x11c
                0x0000000000006220                __bss_start = ABSOLUTE (.)
                [!provide]                        PROVIDE (__sbss_start, ABSOLUTE (.))
                [!provide]                        PROVIDE (___sbss_start, ABSOLUTE (.))
 *(.dynsbss)
 *(.sbss .sbss.* .gnu.linkonce.sb.*)
 .sbss          0x0000000000006220        0x2 obj/default/hello_world.o
                0x0000000000006220                txdata
                0x0000000000006221                rxdata
 *fill*         0x0000000000006222        0x2 
 .sbss          0x0000000000006224        0x4 ../hello_nioii_bsp/\libhal_bsp.a(alt_irq_vars.o)
                0x0000000000006224                alt_irq_active
 .sbss          0x0000000000006228        0xc ../hello_nioii_bsp/\libhal_bsp.a(alt_main.o)
                0x0000000000006228                alt_argc
                0x000000000000622c                alt_argv
                0x0000000000006230                alt_envp
 .sbss          0x0000000000006234        0x4 ../hello_nioii_bsp/\libhal_bsp.a(alt_instruction_exception_entry.o)
                0x0000000000006234                alt_instruction_exception_handler
 .sbss          0x0000000000006238        0x4 e:/software/intelfpga/18.1/nios2eds/bin/gnu/h-x86_64-mingw32/bin/../lib/gcc/nios2-elf/5.3.0/../../../../../H-x86_64-mingw32/nios2-elf/lib\libsmallc.a(lib_a-int_errno.o)
                0x0000000000006238                errno
 *(.sbss2 .sbss2.* .gnu.linkonce.sb2.*)
 *(.scommon)
                [!provide]                        PROVIDE (__sbss_end, ABSOLUTE (.))
                [!provide]                        PROVIDE (___sbss_end, ABSOLUTE (.))
 *(.dynbss)
 *(.bss .bss.* .gnu.linkonce.b.*)
 .bss           0x000000000000623c        0x0 ../hello_nioii_bsp//obj/HAL/src/crt0.o
 .bss           0x000000000000623c        0x0 obj/default/hello_world.o
 .bss           0x000000000000623c        0x0 ../hello_nioii_bsp/\libhal_bsp.a(alt_iic.o)
 .bss           0x000000000000623c        0x0 ../hello_nioii_bsp/\libhal_bsp.a(alt_iic_isr_register.o)
 .bss           0x000000000000623c        0x0 ../hello_nioii_bsp/\libhal_bsp.a(alt_irq_entry.o)
 .bss           0x000000000000623c        0x0 ../hello_nioii_bsp/\libhal_bsp.a(alt_irq_handler.o)
 .bss           0x000000000000623c        0x0 ../hello_nioii_bsp/\libhal_bsp.a(alt_irq_vars.o)
 .bss           0x000000000000623c        0x0 ../hello_nioii_bsp/\libhal_bsp.a(alt_load.o)
 .bss           0x000000000000623c        0x0 ../hello_nioii_bsp/\libhal_bsp.a(alt_main.o)
 .bss           0x000000000000623c        0x0 ../hello_nioii_bsp/\libhal_bsp.a(alt_sys_init.o)
 .bss           0x000000000000623c        0x0 ../hello_nioii_bsp/\libhal_bsp.a(altera_avalon_jtag_uart_fd.o)
 .bss           0x000000000000623c        0x0 ../hello_nioii_bsp/\libhal_bsp.a(altera_avalon_jtag_uart_read.o)
 .bss           0x000000000000623c        0x0 ../hello_nioii_bsp/\libhal_bsp.a(altera_avalon_jtag_uart_write.o)
 .bss           0x000000000000623c        0x0 ../hello_nioii_bsp/\libhal_bsp.a(altera_avalon_uart_fd.o)
 .bss           0x000000000000623c        0x0 ../hello_nioii_bsp/\libhal_bsp.a(altera_avalon_uart_read.o)
 .bss           0x000000000000623c        0x0 ../hello_nioii_bsp/\libhal_bsp.a(altera_avalon_uart_write.o)
 .bss           0x000000000000623c        0x0 ../hello_nioii_bsp/\libhal_bsp.a(alt_close.o)
 .bss           0x000000000000623c        0x0 ../hello_nioii_bsp/\libhal_bsp.a(alt_dcache_flush_all.o)
 .bss           0x000000000000623c        0x0 ../hello_nioii_bsp/\libhal_bsp.a(alt_dev.o)
 .bss           0x000000000000623c        0x0 ../hello_nioii_bsp/\libhal_bsp.a(alt_dev_llist_insert.o)
 .bss           0x000000000000623c        0x0 ../hello_nioii_bsp/\libhal_bsp.a(alt_do_ctors.o)
 .bss           0x000000000000623c        0x0 ../hello_nioii_bsp/\libhal_bsp.a(alt_do_dtors.o)
 .bss           0x000000000000623c        0x0 ../hello_nioii_bsp/\libhal_bsp.a(alt_errno.o)
 .bss           0x000000000000623c        0x0 ../hello_nioii_bsp/\libhal_bsp.a(alt_exception_entry.o)
 .bss           0x000000000000623c        0x0 ../hello_nioii_bsp/\libhal_bsp.a(alt_icache_flush_all.o)
 .bss           0x000000000000623c        0x0 ../hello_nioii_bsp/\libhal_bsp.a(alt_instruction_exception_entry.o)
 .bss           0x000000000000623c        0x0 ../hello_nioii_bsp/\libhal_bsp.a(alt_io_redirect.o)
 .bss           0x000000000000623c        0x0 ../hello_nioii_bsp/\libhal_bsp.a(alt_open.o)
 .bss           0x000000000000623c        0x0 ../hello_nioii_bsp/\libhal_bsp.a(alt_release_fd.o)
 .bss           0x000000000000623c        0x0 ../hello_nioii_bsp/\libhal_bsp.a(altera_nios2_gen2_irq.o)
 .bss           0x000000000000623c        0x0 ../hello_nioii_bsp/\libhal_bsp.a(alt_find_dev.o)
 .bss           0x000000000000623c        0x0 ../hello_nioii_bsp/\libhal_bsp.a(alt_find_file.o)
 .bss           0x000000000000623c        0x0 ../hello_nioii_bsp/\libhal_bsp.a(alt_get_fd.o)
 .bss           0x000000000000623c        0x0 ../hello_nioii_bsp/\libhal_bsp.a(alt_icache_flush.o)
 .bss           0x000000000000623c        0x0 e:/software/intelfpga/18.1/nios2eds/bin/gnu/h-x86_64-mingw32/bin/../lib/gcc/nios2-elf/5.3.0/../../../../../H-x86_64-mingw32/nios2-elf/lib\libsmallc.a(lib_a-atexit.o)
 .bss           0x000000000000623c        0x0 e:/software/intelfpga/18.1/nios2eds/bin/gnu/h-x86_64-mingw32/bin/../lib/gcc/nios2-elf/5.3.0/../../../../../H-x86_64-mingw32/nios2-elf/lib\libsmallc.a(lib_a-exit.o)
 .bss           0x000000000000623c        0x0 e:/software/intelfpga/18.1/nios2eds/bin/gnu/h-x86_64-mingw32/bin/../lib/gcc/nios2-elf/5.3.0/../../../../../H-x86_64-mingw32/nios2-elf/lib\libsmallc.a(lib_a-int_errno.o)
 .bss           0x000000000000623c        0x0 e:/software/intelfpga/18.1/nios2eds/bin/gnu/h-x86_64-mingw32/bin/../lib/gcc/nios2-elf/5.3.0/../../../../../H-x86_64-mingw32/nios2-elf/lib\libsmallc.a(lib_a-memcmp.o)
 .bss           0x000000000000623c        0x0 e:/software/intelfpga/18.1/nios2eds/bin/gnu/h-x86_64-mingw32/bin/../lib/gcc/nios2-elf/5.3.0/../../../../../H-x86_64-mingw32/nios2-elf/lib\libsmallc.a(lib_a-strlen.o)
 .bss           0x000000000000623c        0x0 e:/software/intelfpga/18.1/nios2eds/bin/gnu/h-x86_64-mingw32/bin/../lib/gcc/nios2-elf/5.3.0/../../../../../H-x86_64-mingw32/nios2-elf/lib\libsmallc.a(lib_a-__atexit.o)
 .bss           0x000000000000623c        0x0 e:/software/intelfpga/18.1/nios2eds/bin/gnu/h-x86_64-mingw32/bin/../lib/gcc/nios2-elf/5.3.0/../../../../../H-x86_64-mingw32/nios2-elf/lib\libsmallc.a(lib_a-__call_atexit.o)
 .bss           0x000000000000623c        0x0 e:/software/intelfpga/18.1/nios2eds/bin/gnu/h-x86_64-mingw32/bin/../lib/gcc/nios2-elf/5.3.0/../../../../../H-x86_64-mingw32/nios2-elf/lib\libsmallc.a(lib_a-impure.o)
 .bss           0x000000000000623c        0x0 ../hello_nioii_bsp/\libhal_bsp.a(alt_exit.o)
 *(COMMON)
 COMMON         0x000000000000623c      0x100 ../hello_nioii_bsp/\libhal_bsp.a(alt_irq_handler.o)
                0x000000000000623c                alt_irq
                0x000000000000633c                . = ALIGN (0x4)
                0x000000000000633c                __bss_end = ABSOLUTE (.)

.ram            0x000000000000633c        0x0
                [!provide]                        PROVIDE (_alt_partition_ram_start, ABSOLUTE (.))
 *(.ram .ram. ram.*)
                0x000000000000633c                . = ALIGN (0x4)
                [!provide]                        PROVIDE (_alt_partition_ram_end, ABSOLUTE (.))
                0x000000000000633c                _end = ABSOLUTE (.)
                0x000000000000633c                end = ABSOLUTE (.)
                0x000000000000633c                __alt_stack_base = ABSOLUTE (.)
                [!provide]                        PROVIDE (_alt_partition_ram_load_addr, LOADADDR (.ram))

.stab
 *(.stab)

.stabstr
 *(.stabstr)

.stab.excl
 *(.stab.excl)

.stab.exclstr
 *(.stab.exclstr)

.stab.index
 *(.stab.index)

.stab.indexstr
 *(.stab.indexstr)

.comment        0x0000000000000000       0x23
 *(.comment)
 .comment       0x0000000000000000       0x23 obj/default/hello_world.o
                                         0x24 (size before relaxing)
 .comment       0x0000000000000023       0x24 ../hello_nioii_bsp/\libhal_bsp.a(alt_iic.o)
 .comment       0x0000000000000023       0x24 ../hello_nioii_bsp/\libhal_bsp.a(alt_iic_isr_register.o)
 .comment       0x0000000000000023       0x24 ../hello_nioii_bsp/\libhal_bsp.a(alt_irq_handler.o)
 .comment       0x0000000000000023       0x24 ../hello_nioii_bsp/\libhal_bsp.a(alt_irq_vars.o)
 .comment       0x0000000000000023       0x24 ../hello_nioii_bsp/\libhal_bsp.a(alt_load.o)
 .comment       0x0000000000000023       0x24 ../hello_nioii_bsp/\libhal_bsp.a(alt_main.o)
 .comment       0x0000000000000023       0x24 ../hello_nioii_bsp/\libhal_bsp.a(alt_sys_init.o)
 .comment       0x0000000000000023       0x24 ../hello_nioii_bsp/\libhal_bsp.a(altera_avalon_jtag_uart_fd.o)
 .comment       0x0000000000000023       0x24 ../hello_nioii_bsp/\libhal_bsp.a(altera_avalon_jtag_uart_read.o)
 .comment       0x0000000000000023       0x24 ../hello_nioii_bsp/\libhal_bsp.a(altera_avalon_jtag_uart_write.o)
 .comment       0x0000000000000023       0x24 ../hello_nioii_bsp/\libhal_bsp.a(altera_avalon_uart_fd.o)
 .comment       0x0000000000000023       0x24 ../hello_nioii_bsp/\libhal_bsp.a(altera_avalon_uart_read.o)
 .comment       0x0000000000000023       0x24 ../hello_nioii_bsp/\libhal_bsp.a(altera_avalon_uart_write.o)
 .comment       0x0000000000000023       0x24 ../hello_nioii_bsp/\libhal_bsp.a(alt_close.o)
 .comment       0x0000000000000023       0x24 ../hello_nioii_bsp/\libhal_bsp.a(alt_dcache_flush_all.o)
 .comment       0x0000000000000023       0x24 ../hello_nioii_bsp/\libhal_bsp.a(alt_dev.o)
 .comment       0x0000000000000023       0x24 ../hello_nioii_bsp/\libhal_bsp.a(alt_dev_llist_insert.o)
 .comment       0x0000000000000023       0x24 ../hello_nioii_bsp/\libhal_bsp.a(alt_do_ctors.o)
 .comment       0x0000000000000023       0x24 ../hello_nioii_bsp/\libhal_bsp.a(alt_do_dtors.o)
 .comment       0x0000000000000023       0x24 ../hello_nioii_bsp/\libhal_bsp.a(alt_errno.o)
 .comment       0x0000000000000023       0x24 ../hello_nioii_bsp/\libhal_bsp.a(alt_icache_flush_all.o)
 .comment       0x0000000000000023       0x24 ../hello_nioii_bsp/\libhal_bsp.a(alt_instruction_exception_entry.o)
 .comment       0x0000000000000023       0x24 ../hello_nioii_bsp/\libhal_bsp.a(alt_io_redirect.o)
 .comment       0x0000000000000023       0x24 ../hello_nioii_bsp/\libhal_bsp.a(alt_open.o)
 .comment       0x0000000000000023       0x24 ../hello_nioii_bsp/\libhal_bsp.a(alt_release_fd.o)
 .comment       0x0000000000000023       0x24 ../hello_nioii_bsp/\libhal_bsp.a(altera_nios2_gen2_irq.o)
 .comment       0x0000000000000023       0x24 ../hello_nioii_bsp/\libhal_bsp.a(alt_find_dev.o)
 .comment       0x0000000000000023       0x24 ../hello_nioii_bsp/\libhal_bsp.a(alt_find_file.o)
 .comment       0x0000000000000023       0x24 ../hello_nioii_bsp/\libhal_bsp.a(alt_get_fd.o)
 .comment       0x0000000000000023       0x24 ../hello_nioii_bsp/\libhal_bsp.a(alt_icache_flush.o)
 .comment       0x0000000000000023       0x24 e:/software/intelfpga/18.1/nios2eds/bin/gnu/h-x86_64-mingw32/bin/../lib/gcc/nios2-elf/5.3.0/../../../../../H-x86_64-mingw32/nios2-elf/lib\libsmallc.a(lib_a-atexit.o)
 .comment       0x0000000000000023       0x24 e:/software/intelfpga/18.1/nios2eds/bin/gnu/h-x86_64-mingw32/bin/../lib/gcc/nios2-elf/5.3.0/../../../../../H-x86_64-mingw32/nios2-elf/lib\libsmallc.a(lib_a-exit.o)
 .comment       0x0000000000000023       0x24 e:/software/intelfpga/18.1/nios2eds/bin/gnu/h-x86_64-mingw32/bin/../lib/gcc/nios2-elf/5.3.0/../../../../../H-x86_64-mingw32/nios2-elf/lib\libsmallc.a(lib_a-int_errno.o)
 .comment       0x0000000000000023       0x24 e:/software/intelfpga/18.1/nios2eds/bin/gnu/h-x86_64-mingw32/bin/../lib/gcc/nios2-elf/5.3.0/../../../../../H-x86_64-mingw32/nios2-elf/lib\libsmallc.a(lib_a-memcmp.o)
 .comment       0x0000000000000023       0x24 e:/software/intelfpga/18.1/nios2eds/bin/gnu/h-x86_64-mingw32/bin/../lib/gcc/nios2-elf/5.3.0/../../../../../H-x86_64-mingw32/nios2-elf/lib\libsmallc.a(lib_a-strlen.o)
 .comment       0x0000000000000023       0x24 e:/software/intelfpga/18.1/nios2eds/bin/gnu/h-x86_64-mingw32/bin/../lib/gcc/nios2-elf/5.3.0/../../../../../H-x86_64-mingw32/nios2-elf/lib\libsmallc.a(lib_a-__atexit.o)
 .comment       0x0000000000000023       0x24 e:/software/intelfpga/18.1/nios2eds/bin/gnu/h-x86_64-mingw32/bin/../lib/gcc/nios2-elf/5.3.0/../../../../../H-x86_64-mingw32/nios2-elf/lib\libsmallc.a(lib_a-__call_atexit.o)
 .comment       0x0000000000000023       0x24 e:/software/intelfpga/18.1/nios2eds/bin/gnu/h-x86_64-mingw32/bin/../lib/gcc/nios2-elf/5.3.0/../../../../../H-x86_64-mingw32/nios2-elf/lib\libsmallc.a(lib_a-impure.o)
 .comment       0x0000000000000023       0x24 ../hello_nioii_bsp/\libhal_bsp.a(alt_exit.o)

.debug
 *(.debug)

.line
 *(.line)

.debug_srcinfo
 *(.debug_srcinfo)

.debug_sfnames
 *(.debug_sfnames)

.debug_aranges  0x0000000000000000      0x578
 *(.debug_aranges)
 .debug_aranges
                0x0000000000000000       0x28 ../hello_nioii_bsp//obj/HAL/src/crt0.o
 .debug_aranges
                0x0000000000000028       0x20 obj/default/hello_world.o
 .debug_aranges
                0x0000000000000048       0x20 ../hello_nioii_bsp/\libhal_bsp.a(alt_iic.o)
 .debug_aranges
                0x0000000000000068       0x20 ../hello_nioii_bsp/\libhal_bsp.a(alt_iic_isr_register.o)
 .debug_aranges
                0x0000000000000088       0x30 ../hello_nioii_bsp/\libhal_bsp.a(alt_irq_entry.o)
 .debug_aranges
                0x00000000000000b8       0x20 ../hello_nioii_bsp/\libhal_bsp.a(alt_irq_handler.o)
 .debug_aranges
                0x00000000000000d8       0x18 ../hello_nioii_bsp/\libhal_bsp.a(alt_irq_vars.o)
 .debug_aranges
                0x00000000000000f0       0x20 ../hello_nioii_bsp/\libhal_bsp.a(alt_load.o)
 .debug_aranges
                0x0000000000000110       0x20 ../hello_nioii_bsp/\libhal_bsp.a(alt_main.o)
 .debug_aranges
                0x0000000000000130       0x20 ../hello_nioii_bsp/\libhal_bsp.a(alt_sys_init.o)
 .debug_aranges
                0x0000000000000150       0x20 ../hello_nioii_bsp/\libhal_bsp.a(altera_avalon_jtag_uart_fd.o)
 .debug_aranges
                0x0000000000000170       0x20 ../hello_nioii_bsp/\libhal_bsp.a(altera_avalon_jtag_uart_read.o)
 .debug_aranges
                0x0000000000000190       0x20 ../hello_nioii_bsp/\libhal_bsp.a(altera_avalon_jtag_uart_write.o)
 .debug_aranges
                0x00000000000001b0       0x20 ../hello_nioii_bsp/\libhal_bsp.a(altera_avalon_uart_fd.o)
 .debug_aranges
                0x00000000000001d0       0x20 ../hello_nioii_bsp/\libhal_bsp.a(altera_avalon_uart_read.o)
 .debug_aranges
                0x00000000000001f0       0x20 ../hello_nioii_bsp/\libhal_bsp.a(altera_avalon_uart_write.o)
 .debug_aranges
                0x0000000000000210       0x20 ../hello_nioii_bsp/\libhal_bsp.a(alt_close.o)
 .debug_aranges
                0x0000000000000230       0x20 ../hello_nioii_bsp/\libhal_bsp.a(alt_dcache_flush_all.o)
 .debug_aranges
                0x0000000000000250       0x20 ../hello_nioii_bsp/\libhal_bsp.a(alt_dev.o)
 .debug_aranges
                0x0000000000000270       0x20 ../hello_nioii_bsp/\libhal_bsp.a(alt_dev_llist_insert.o)
 .debug_aranges
                0x0000000000000290       0x20 ../hello_nioii_bsp/\libhal_bsp.a(alt_do_ctors.o)
 .debug_aranges
                0x00000000000002b0       0x20 ../hello_nioii_bsp/\libhal_bsp.a(alt_do_dtors.o)
 .debug_aranges
                0x00000000000002d0       0x18 ../hello_nioii_bsp/\libhal_bsp.a(alt_errno.o)
 .debug_aranges
                0x00000000000002e8       0x38 ../hello_nioii_bsp/\libhal_bsp.a(alt_exception_entry.o)
 .debug_aranges
                0x0000000000000320       0x20 ../hello_nioii_bsp/\libhal_bsp.a(alt_icache_flush_all.o)
 .debug_aranges
                0x0000000000000340       0x28 ../hello_nioii_bsp/\libhal_bsp.a(alt_instruction_exception_entry.o)
 .debug_aranges
                0x0000000000000368       0x20 ../hello_nioii_bsp/\libhal_bsp.a(alt_io_redirect.o)
 .debug_aranges
                0x0000000000000388       0x20 ../hello_nioii_bsp/\libhal_bsp.a(alt_open.o)
 .debug_aranges
                0x00000000000003a8       0x20 ../hello_nioii_bsp/\libhal_bsp.a(alt_release_fd.o)
 .debug_aranges
                0x00000000000003c8       0x20 ../hello_nioii_bsp/\libhal_bsp.a(altera_nios2_gen2_irq.o)
 .debug_aranges
                0x00000000000003e8       0x20 ../hello_nioii_bsp/\libhal_bsp.a(alt_find_dev.o)
 .debug_aranges
                0x0000000000000408       0x20 ../hello_nioii_bsp/\libhal_bsp.a(alt_find_file.o)
 .debug_aranges
                0x0000000000000428       0x20 ../hello_nioii_bsp/\libhal_bsp.a(alt_get_fd.o)
 .debug_aranges
                0x0000000000000448       0x20 ../hello_nioii_bsp/\libhal_bsp.a(alt_icache_flush.o)
 .debug_aranges
                0x0000000000000468       0x20 e:/software/intelfpga/18.1/nios2eds/bin/gnu/h-x86_64-mingw32/bin/../lib/gcc/nios2-elf/5.3.0/../../../../../H-x86_64-mingw32/nios2-elf/lib\libsmallc.a(lib_a-atexit.o)
 .debug_aranges
                0x0000000000000488       0x20 e:/software/intelfpga/18.1/nios2eds/bin/gnu/h-x86_64-mingw32/bin/../lib/gcc/nios2-elf/5.3.0/../../../../../H-x86_64-mingw32/nios2-elf/lib\libsmallc.a(lib_a-exit.o)
 .debug_aranges
                0x00000000000004a8       0x18 e:/software/intelfpga/18.1/nios2eds/bin/gnu/h-x86_64-mingw32/bin/../lib/gcc/nios2-elf/5.3.0/../../../../../H-x86_64-mingw32/nios2-elf/lib\libsmallc.a(lib_a-int_errno.o)
 .debug_aranges
                0x00000000000004c0       0x20 e:/software/intelfpga/18.1/nios2eds/bin/gnu/h-x86_64-mingw32/bin/../lib/gcc/nios2-elf/5.3.0/../../../../../H-x86_64-mingw32/nios2-elf/lib\libsmallc.a(lib_a-memcmp.o)
 .debug_aranges
                0x00000000000004e0       0x20 e:/software/intelfpga/18.1/nios2eds/bin/gnu/h-x86_64-mingw32/bin/../lib/gcc/nios2-elf/5.3.0/../../../../../H-x86_64-mingw32/nios2-elf/lib\libsmallc.a(lib_a-strlen.o)
 .debug_aranges
                0x0000000000000500       0x20 e:/software/intelfpga/18.1/nios2eds/bin/gnu/h-x86_64-mingw32/bin/../lib/gcc/nios2-elf/5.3.0/../../../../../H-x86_64-mingw32/nios2-elf/lib\libsmallc.a(lib_a-__atexit.o)
 .debug_aranges
                0x0000000000000520       0x20 e:/software/intelfpga/18.1/nios2eds/bin/gnu/h-x86_64-mingw32/bin/../lib/gcc/nios2-elf/5.3.0/../../../../../H-x86_64-mingw32/nios2-elf/lib\libsmallc.a(lib_a-__call_atexit.o)
 .debug_aranges
                0x0000000000000540       0x18 e:/software/intelfpga/18.1/nios2eds/bin/gnu/h-x86_64-mingw32/bin/../lib/gcc/nios2-elf/5.3.0/../../../../../H-x86_64-mingw32/nios2-elf/lib\libsmallc.a(lib_a-impure.o)
 .debug_aranges
                0x0000000000000558       0x20 ../hello_nioii_bsp/\libhal_bsp.a(alt_exit.o)

.debug_pubnames
 *(.debug_pubnames)

.debug_info     0x0000000000000000     0x5946
 *(.debug_info .gnu.linkonce.wi.*)
 .debug_info    0x0000000000000000       0x72 ../hello_nioii_bsp//obj/HAL/src/crt0.o
 .debug_info    0x0000000000000072      0x100 obj/default/hello_world.o
 .debug_info    0x0000000000000172      0x350 ../hello_nioii_bsp/\libhal_bsp.a(alt_iic.o)
 .debug_info    0x00000000000004c2      0x1ef ../hello_nioii_bsp/\libhal_bsp.a(alt_iic_isr_register.o)
 .debug_info    0x00000000000006b1       0x7b ../hello_nioii_bsp/\libhal_bsp.a(alt_irq_entry.o)
 .debug_info    0x000000000000072c      0x187 ../hello_nioii_bsp/\libhal_bsp.a(alt_irq_handler.o)
 .debug_info    0x00000000000008b3       0x88 ../hello_nioii_bsp/\libhal_bsp.a(alt_irq_vars.o)
 .debug_info    0x000000000000093b      0x145 ../hello_nioii_bsp/\libhal_bsp.a(alt_load.o)
 .debug_info    0x0000000000000a80      0x131 ../hello_nioii_bsp/\libhal_bsp.a(alt_main.o)
 .debug_info    0x0000000000000bb1      0x42e ../hello_nioii_bsp/\libhal_bsp.a(alt_sys_init.o)
 .debug_info    0x0000000000000fdf      0x3a7 ../hello_nioii_bsp/\libhal_bsp.a(altera_avalon_jtag_uart_fd.o)
 .debug_info    0x0000000000001386      0x1b2 ../hello_nioii_bsp/\libhal_bsp.a(altera_avalon_jtag_uart_read.o)
 .debug_info    0x0000000000001538      0x195 ../hello_nioii_bsp/\libhal_bsp.a(altera_avalon_jtag_uart_write.o)
 .debug_info    0x00000000000016cd      0x388 ../hello_nioii_bsp/\libhal_bsp.a(altera_avalon_uart_fd.o)
 .debug_info    0x0000000000001a55      0x1a6 ../hello_nioii_bsp/\libhal_bsp.a(altera_avalon_uart_read.o)
 .debug_info    0x0000000000001bfb      0x1b9 ../hello_nioii_bsp/\libhal_bsp.a(altera_avalon_uart_write.o)
 .debug_info    0x0000000000001db4      0x321 ../hello_nioii_bsp/\libhal_bsp.a(alt_close.o)
 .debug_info    0x00000000000020d5       0xa5 ../hello_nioii_bsp/\libhal_bsp.a(alt_dcache_flush_all.o)
 .debug_info    0x000000000000217a      0x49c ../hello_nioii_bsp/\libhal_bsp.a(alt_dev.o)
 .debug_info    0x0000000000002616      0x1a9 ../hello_nioii_bsp/\libhal_bsp.a(alt_dev_llist_insert.o)
 .debug_info    0x00000000000027bf       0x83 ../hello_nioii_bsp/\libhal_bsp.a(alt_do_ctors.o)
 .debug_info    0x0000000000002842       0x83 ../hello_nioii_bsp/\libhal_bsp.a(alt_do_dtors.o)
 .debug_info    0x00000000000028c5       0xa6 ../hello_nioii_bsp/\libhal_bsp.a(alt_errno.o)
 .debug_info    0x000000000000296b       0x81 ../hello_nioii_bsp/\libhal_bsp.a(alt_exception_entry.o)
 .debug_info    0x00000000000029ec       0x92 ../hello_nioii_bsp/\libhal_bsp.a(alt_icache_flush_all.o)
 .debug_info    0x0000000000002a7e      0x1e7 ../hello_nioii_bsp/\libhal_bsp.a(alt_instruction_exception_entry.o)
 .debug_info    0x0000000000002c65      0x4a5 ../hello_nioii_bsp/\libhal_bsp.a(alt_io_redirect.o)
 .debug_info    0x000000000000310a      0x3bb ../hello_nioii_bsp/\libhal_bsp.a(alt_open.o)
 .debug_info    0x00000000000034c5      0x2b0 ../hello_nioii_bsp/\libhal_bsp.a(alt_release_fd.o)
 .debug_info    0x0000000000003775       0x92 ../hello_nioii_bsp/\libhal_bsp.a(altera_nios2_gen2_irq.o)
 .debug_info    0x0000000000003807      0x2e9 ../hello_nioii_bsp/\libhal_bsp.a(alt_find_dev.o)
 .debug_info    0x0000000000003af0      0x2e6 ../hello_nioii_bsp/\libhal_bsp.a(alt_find_file.o)
 .debug_info    0x0000000000003dd6      0x310 ../hello_nioii_bsp/\libhal_bsp.a(alt_get_fd.o)
 .debug_info    0x00000000000040e6       0xdc ../hello_nioii_bsp/\libhal_bsp.a(alt_icache_flush.o)
 .debug_info    0x00000000000041c2       0xfe e:/software/intelfpga/18.1/nios2eds/bin/gnu/h-x86_64-mingw32/bin/../lib/gcc/nios2-elf/5.3.0/../../../../../H-x86_64-mingw32/nios2-elf/lib\libsmallc.a(lib_a-atexit.o)
 .debug_info    0x00000000000042c0       0xe5 e:/software/intelfpga/18.1/nios2eds/bin/gnu/h-x86_64-mingw32/bin/../lib/gcc/nios2-elf/5.3.0/../../../../../H-x86_64-mingw32/nios2-elf/lib\libsmallc.a(lib_a-exit.o)
 .debug_info    0x00000000000043a5       0x8a e:/software/intelfpga/18.1/nios2eds/bin/gnu/h-x86_64-mingw32/bin/../lib/gcc/nios2-elf/5.3.0/../../../../../H-x86_64-mingw32/nios2-elf/lib\libsmallc.a(lib_a-int_errno.o)
 .debug_info    0x000000000000442f       0xf4 e:/software/intelfpga/18.1/nios2eds/bin/gnu/h-x86_64-mingw32/bin/../lib/gcc/nios2-elf/5.3.0/../../../../../H-x86_64-mingw32/nios2-elf/lib\libsmallc.a(lib_a-memcmp.o)
 .debug_info    0x0000000000004523       0xc9 e:/software/intelfpga/18.1/nios2eds/bin/gnu/h-x86_64-mingw32/bin/../lib/gcc/nios2-elf/5.3.0/../../../../../H-x86_64-mingw32/nios2-elf/lib\libsmallc.a(lib_a-strlen.o)
 .debug_info    0x00000000000045ec      0x64a e:/software/intelfpga/18.1/nios2eds/bin/gnu/h-x86_64-mingw32/bin/../lib/gcc/nios2-elf/5.3.0/../../../../../H-x86_64-mingw32/nios2-elf/lib\libsmallc.a(lib_a-__atexit.o)
 .debug_info    0x0000000000004c36      0x67b e:/software/intelfpga/18.1/nios2eds/bin/gnu/h-x86_64-mingw32/bin/../lib/gcc/nios2-elf/5.3.0/../../../../../H-x86_64-mingw32/nios2-elf/lib\libsmallc.a(lib_a-__call_atexit.o)
 .debug_info    0x00000000000052b1      0x5a9 e:/software/intelfpga/18.1/nios2eds/bin/gnu/h-x86_64-mingw32/bin/../lib/gcc/nios2-elf/5.3.0/../../../../../H-x86_64-mingw32/nios2-elf/lib\libsmallc.a(lib_a-impure.o)
 .debug_info    0x000000000000585a       0xec ../hello_nioii_bsp/\libhal_bsp.a(alt_exit.o)

.debug_abbrev   0x0000000000000000     0x2202
 *(.debug_abbrev)
 .debug_abbrev  0x0000000000000000       0x12 ../hello_nioii_bsp//obj/HAL/src/crt0.o
 .debug_abbrev  0x0000000000000012       0xa6 obj/default/hello_world.o
 .debug_abbrev  0x00000000000000b8      0x163 ../hello_nioii_bsp/\libhal_bsp.a(alt_iic.o)
 .debug_abbrev  0x000000000000021b      0x169 ../hello_nioii_bsp/\libhal_bsp.a(alt_iic_isr_register.o)
 .debug_abbrev  0x0000000000000384       0x12 ../hello_nioii_bsp/\libhal_bsp.a(alt_irq_entry.o)
 .debug_abbrev  0x0000000000000396      0x122 ../hello_nioii_bsp/\libhal_bsp.a(alt_irq_handler.o)
 .debug_abbrev  0x00000000000004b8       0x40 ../hello_nioii_bsp/\libhal_bsp.a(alt_irq_vars.o)
 .debug_abbrev  0x00000000000004f8       0x9f ../hello_nioii_bsp/\libhal_bsp.a(alt_load.o)
 .debug_abbrev  0x0000000000000597       0xba ../hello_nioii_bsp/\libhal_bsp.a(alt_main.o)
 .debug_abbrev  0x0000000000000651      0x157 ../hello_nioii_bsp/\libhal_bsp.a(alt_sys_init.o)
 .debug_abbrev  0x00000000000007a8       0xf7 ../hello_nioii_bsp/\libhal_bsp.a(altera_avalon_jtag_uart_fd.o)
 .debug_abbrev  0x000000000000089f       0xd5 ../hello_nioii_bsp/\libhal_bsp.a(altera_avalon_jtag_uart_read.o)
 .debug_abbrev  0x0000000000000974       0xd5 ../hello_nioii_bsp/\libhal_bsp.a(altera_avalon_jtag_uart_write.o)
 .debug_abbrev  0x0000000000000a49       0xf0 ../hello_nioii_bsp/\libhal_bsp.a(altera_avalon_uart_fd.o)
 .debug_abbrev  0x0000000000000b39       0xd9 ../hello_nioii_bsp/\libhal_bsp.a(altera_avalon_uart_read.o)
 .debug_abbrev  0x0000000000000c12       0xe0 ../hello_nioii_bsp/\libhal_bsp.a(altera_avalon_uart_write.o)
 .debug_abbrev  0x0000000000000cf2      0x11f ../hello_nioii_bsp/\libhal_bsp.a(alt_close.o)
 .debug_abbrev  0x0000000000000e11       0x5a ../hello_nioii_bsp/\libhal_bsp.a(alt_dcache_flush_all.o)
 .debug_abbrev  0x0000000000000e6b       0xd9 ../hello_nioii_bsp/\libhal_bsp.a(alt_dev.o)
 .debug_abbrev  0x0000000000000f44      0x114 ../hello_nioii_bsp/\libhal_bsp.a(alt_dev_llist_insert.o)
 .debug_abbrev  0x0000000000001058       0x79 ../hello_nioii_bsp/\libhal_bsp.a(alt_do_ctors.o)
 .debug_abbrev  0x00000000000010d1       0x79 ../hello_nioii_bsp/\libhal_bsp.a(alt_do_dtors.o)
 .debug_abbrev  0x000000000000114a       0x5a ../hello_nioii_bsp/\libhal_bsp.a(alt_errno.o)
 .debug_abbrev  0x00000000000011a4       0x12 ../hello_nioii_bsp/\libhal_bsp.a(alt_exception_entry.o)
 .debug_abbrev  0x00000000000011b6       0x42 ../hello_nioii_bsp/\libhal_bsp.a(alt_icache_flush_all.o)
 .debug_abbrev  0x00000000000011f8       0xdc ../hello_nioii_bsp/\libhal_bsp.a(alt_instruction_exception_entry.o)
 .debug_abbrev  0x00000000000012d4      0x114 ../hello_nioii_bsp/\libhal_bsp.a(alt_io_redirect.o)
 .debug_abbrev  0x00000000000013e8      0x148 ../hello_nioii_bsp/\libhal_bsp.a(alt_open.o)
 .debug_abbrev  0x0000000000001530       0xde ../hello_nioii_bsp/\libhal_bsp.a(alt_release_fd.o)
 .debug_abbrev  0x000000000000160e       0x42 ../hello_nioii_bsp/\libhal_bsp.a(altera_nios2_gen2_irq.o)
 .debug_abbrev  0x0000000000001650       0xf0 ../hello_nioii_bsp/\libhal_bsp.a(alt_find_dev.o)
 .debug_abbrev  0x0000000000001740       0xf0 ../hello_nioii_bsp/\libhal_bsp.a(alt_find_file.o)
 .debug_abbrev  0x0000000000001830      0x10d ../hello_nioii_bsp/\libhal_bsp.a(alt_get_fd.o)
 .debug_abbrev  0x000000000000193d       0x8c ../hello_nioii_bsp/\libhal_bsp.a(alt_icache_flush.o)
 .debug_abbrev  0x00000000000019c9       0xaa e:/software/intelfpga/18.1/nios2eds/bin/gnu/h-x86_64-mingw32/bin/../lib/gcc/nios2-elf/5.3.0/../../../../../H-x86_64-mingw32/nios2-elf/lib\libsmallc.a(lib_a-atexit.o)
 .debug_abbrev  0x0000000000001a73       0x8b e:/software/intelfpga/18.1/nios2eds/bin/gnu/h-x86_64-mingw32/bin/../lib/gcc/nios2-elf/5.3.0/../../../../../H-x86_64-mingw32/nios2-elf/lib\libsmallc.a(lib_a-exit.o)
 .debug_abbrev  0x0000000000001afe       0x37 e:/software/intelfpga/18.1/nios2eds/bin/gnu/h-x86_64-mingw32/bin/../lib/gcc/nios2-elf/5.3.0/../../../../../H-x86_64-mingw32/nios2-elf/lib\libsmallc.a(lib_a-int_errno.o)
 .debug_abbrev  0x0000000000001b35       0x7f e:/software/intelfpga/18.1/nios2eds/bin/gnu/h-x86_64-mingw32/bin/../lib/gcc/nios2-elf/5.3.0/../../../../../H-x86_64-mingw32/nios2-elf/lib\libsmallc.a(lib_a-memcmp.o)
 .debug_abbrev  0x0000000000001bb4       0x7f e:/software/intelfpga/18.1/nios2eds/bin/gnu/h-x86_64-mingw32/bin/../lib/gcc/nios2-elf/5.3.0/../../../../../H-x86_64-mingw32/nios2-elf/lib\libsmallc.a(lib_a-strlen.o)
 .debug_abbrev  0x0000000000001c33      0x1e6 e:/software/intelfpga/18.1/nios2eds/bin/gnu/h-x86_64-mingw32/bin/../lib/gcc/nios2-elf/5.3.0/../../../../../H-x86_64-mingw32/nios2-elf/lib\libsmallc.a(lib_a-__atexit.o)
 .debug_abbrev  0x0000000000001e19      0x1f6 e:/software/intelfpga/18.1/nios2eds/bin/gnu/h-x86_64-mingw32/bin/../lib/gcc/nios2-elf/5.3.0/../../../../../H-x86_64-mingw32/nios2-elf/lib\libsmallc.a(lib_a-__call_atexit.o)
 .debug_abbrev  0x000000000000200f      0x14a e:/software/intelfpga/18.1/nios2eds/bin/gnu/h-x86_64-mingw32/bin/../lib/gcc/nios2-elf/5.3.0/../../../../../H-x86_64-mingw32/nios2-elf/lib\libsmallc.a(lib_a-impure.o)
 .debug_abbrev  0x0000000000002159       0xa9 ../hello_nioii_bsp/\libhal_bsp.a(alt_exit.o)

.debug_line     0x0000000000000000     0x2460
 *(.debug_line)
 .debug_line    0x0000000000000000       0x72 ../hello_nioii_bsp//obj/HAL/src/crt0.o
 .debug_line    0x0000000000000072       0x83 obj/default/hello_world.o
 .debug_line    0x00000000000000f5       0xeb ../hello_nioii_bsp/\libhal_bsp.a(alt_iic.o)
 .debug_line    0x00000000000001e0       0xdb ../hello_nioii_bsp/\libhal_bsp.a(alt_iic_isr_register.o)
 .debug_line    0x00000000000002bb       0x6b ../hello_nioii_bsp/\libhal_bsp.a(alt_irq_entry.o)
 .debug_line    0x0000000000000326       0xaa ../hello_nioii_bsp/\libhal_bsp.a(alt_irq_handler.o)
 .debug_line    0x00000000000003d0       0x50 ../hello_nioii_bsp/\libhal_bsp.a(alt_irq_vars.o)
 .debug_line    0x0000000000000420       0x8e ../hello_nioii_bsp/\libhal_bsp.a(alt_load.o)
 .debug_line    0x00000000000004ae       0xa4 ../hello_nioii_bsp/\libhal_bsp.a(alt_main.o)
 .debug_line    0x0000000000000552      0x15b ../hello_nioii_bsp/\libhal_bsp.a(alt_sys_init.o)
 .debug_line    0x00000000000006ad      0x112 ../hello_nioii_bsp/\libhal_bsp.a(altera_avalon_jtag_uart_fd.o)
 .debug_line    0x00000000000007bf       0xfd ../hello_nioii_bsp/\libhal_bsp.a(altera_avalon_jtag_uart_read.o)
 .debug_line    0x00000000000008bc       0xf4 ../hello_nioii_bsp/\libhal_bsp.a(altera_avalon_jtag_uart_write.o)
 .debug_line    0x00000000000009b0       0xe5 ../hello_nioii_bsp/\libhal_bsp.a(altera_avalon_uart_fd.o)
 .debug_line    0x0000000000000a95       0xf6 ../hello_nioii_bsp/\libhal_bsp.a(altera_avalon_uart_read.o)
 .debug_line    0x0000000000000b8b       0xfe ../hello_nioii_bsp/\libhal_bsp.a(altera_avalon_uart_write.o)
 .debug_line    0x0000000000000c89      0x169 ../hello_nioii_bsp/\libhal_bsp.a(alt_close.o)
 .debug_line    0x0000000000000df2       0x61 ../hello_nioii_bsp/\libhal_bsp.a(alt_dcache_flush_all.o)
 .debug_line    0x0000000000000e53       0xfc ../hello_nioii_bsp/\libhal_bsp.a(alt_dev.o)
 .debug_line    0x0000000000000f4f       0xcf ../hello_nioii_bsp/\libhal_bsp.a(alt_dev_llist_insert.o)
 .debug_line    0x000000000000101e       0x59 ../hello_nioii_bsp/\libhal_bsp.a(alt_do_ctors.o)
 .debug_line    0x0000000000001077       0x59 ../hello_nioii_bsp/\libhal_bsp.a(alt_do_dtors.o)
 .debug_line    0x00000000000010d0       0x51 ../hello_nioii_bsp/\libhal_bsp.a(alt_errno.o)
 .debug_line    0x0000000000001121       0xb3 ../hello_nioii_bsp/\libhal_bsp.a(alt_exception_entry.o)
 .debug_line    0x00000000000011d4       0x50 ../hello_nioii_bsp/\libhal_bsp.a(alt_icache_flush_all.o)
 .debug_line    0x0000000000001224       0xba ../hello_nioii_bsp/\libhal_bsp.a(alt_instruction_exception_entry.o)
 .debug_line    0x00000000000012de      0x137 ../hello_nioii_bsp/\libhal_bsp.a(alt_io_redirect.o)
 .debug_line    0x0000000000001415      0x128 ../hello_nioii_bsp/\libhal_bsp.a(alt_open.o)
 .debug_line    0x000000000000153d       0xae ../hello_nioii_bsp/\libhal_bsp.a(alt_release_fd.o)
 .debug_line    0x00000000000015eb       0x51 ../hello_nioii_bsp/\libhal_bsp.a(altera_nios2_gen2_irq.o)
 .debug_line    0x000000000000163c       0xb5 ../hello_nioii_bsp/\libhal_bsp.a(alt_find_dev.o)
 .debug_line    0x00000000000016f1       0xd1 ../hello_nioii_bsp/\libhal_bsp.a(alt_find_file.o)
 .debug_line    0x00000000000017c2       0xd4 ../hello_nioii_bsp/\libhal_bsp.a(alt_get_fd.o)
 .debug_line    0x0000000000001896       0x81 ../hello_nioii_bsp/\libhal_bsp.a(alt_icache_flush.o)
 .debug_line    0x0000000000001917       0xe4 e:/software/intelfpga/18.1/nios2eds/bin/gnu/h-x86_64-mingw32/bin/../lib/gcc/nios2-elf/5.3.0/../../../../../H-x86_64-mingw32/nios2-elf/lib\libsmallc.a(lib_a-atexit.o)
 .debug_line    0x00000000000019fb      0x156 e:/software/intelfpga/18.1/nios2eds/bin/gnu/h-x86_64-mingw32/bin/../lib/gcc/nios2-elf/5.3.0/../../../../../H-x86_64-mingw32/nios2-elf/lib\libsmallc.a(lib_a-exit.o)
 .debug_line    0x0000000000001b51       0x5c e:/software/intelfpga/18.1/nios2eds/bin/gnu/h-x86_64-mingw32/bin/../lib/gcc/nios2-elf/5.3.0/../../../../../H-x86_64-mingw32/nios2-elf/lib\libsmallc.a(lib_a-int_errno.o)
 .debug_line    0x0000000000001bad      0x15d e:/software/intelfpga/18.1/nios2eds/bin/gnu/h-x86_64-mingw32/bin/../lib/gcc/nios2-elf/5.3.0/../../../../../H-x86_64-mingw32/nios2-elf/lib\libsmallc.a(lib_a-memcmp.o)
 .debug_line    0x0000000000001d0a      0x159 e:/software/intelfpga/18.1/nios2eds/bin/gnu/h-x86_64-mingw32/bin/../lib/gcc/nios2-elf/5.3.0/../../../../../H-x86_64-mingw32/nios2-elf/lib\libsmallc.a(lib_a-strlen.o)
 .debug_line    0x0000000000001e63      0x20a e:/software/intelfpga/18.1/nios2eds/bin/gnu/h-x86_64-mingw32/bin/../lib/gcc/nios2-elf/5.3.0/../../../../../H-x86_64-mingw32/nios2-elf/lib\libsmallc.a(lib_a-__atexit.o)
 .debug_line    0x000000000000206d      0x22f e:/software/intelfpga/18.1/nios2eds/bin/gnu/h-x86_64-mingw32/bin/../lib/gcc/nios2-elf/5.3.0/../../../../../H-x86_64-mingw32/nios2-elf/lib\libsmallc.a(lib_a-__call_atexit.o)
 .debug_line    0x000000000000229c      0x153 e:/software/intelfpga/18.1/nios2eds/bin/gnu/h-x86_64-mingw32/bin/../lib/gcc/nios2-elf/5.3.0/../../../../../H-x86_64-mingw32/nios2-elf/lib\libsmallc.a(lib_a-impure.o)
 .debug_line    0x00000000000023ef       0x71 ../hello_nioii_bsp/\libhal_bsp.a(alt_exit.o)

.debug_frame    0x0000000000000000      0xa24
 *(.debug_frame)
 .debug_frame   0x0000000000000000       0x78 obj/default/hello_world.o
 .debug_frame   0x0000000000000078       0xa4 ../hello_nioii_bsp/\libhal_bsp.a(alt_iic.o)
 .debug_frame   0x000000000000011c       0x38 ../hello_nioii_bsp/\libhal_bsp.a(alt_iic_isr_register.o)
 .debug_frame   0x0000000000000154       0x38 ../hello_nioii_bsp/\libhal_bsp.a(alt_irq_handler.o)
 .debug_frame   0x000000000000018c       0x5c ../hello_nioii_bsp/\libhal_bsp.a(alt_load.o)
 .debug_frame   0x00000000000001e8       0x2c ../hello_nioii_bsp/\libhal_bsp.a(alt_main.o)
 .debug_frame   0x0000000000000214       0x88 ../hello_nioii_bsp/\libhal_bsp.a(alt_sys_init.o)
 .debug_frame   0x000000000000029c       0x60 ../hello_nioii_bsp/\libhal_bsp.a(altera_avalon_jtag_uart_fd.o)
 .debug_frame   0x00000000000002fc       0x34 ../hello_nioii_bsp/\libhal_bsp.a(altera_avalon_jtag_uart_read.o)
 .debug_frame   0x0000000000000330       0x34 ../hello_nioii_bsp/\libhal_bsp.a(altera_avalon_jtag_uart_write.o)
 .debug_frame   0x0000000000000364       0x60 ../hello_nioii_bsp/\libhal_bsp.a(altera_avalon_uart_fd.o)
 .debug_frame   0x00000000000003c4       0x60 ../hello_nioii_bsp/\libhal_bsp.a(altera_avalon_uart_read.o)
 .debug_frame   0x0000000000000424       0x60 ../hello_nioii_bsp/\libhal_bsp.a(altera_avalon_uart_write.o)
 .debug_frame   0x0000000000000484       0x60 ../hello_nioii_bsp/\libhal_bsp.a(alt_close.o)
 .debug_frame   0x00000000000004e4       0x34 ../hello_nioii_bsp/\libhal_bsp.a(alt_dcache_flush_all.o)
 .debug_frame   0x0000000000000518       0x34 ../hello_nioii_bsp/\libhal_bsp.a(alt_dev.o)
 .debug_frame   0x000000000000054c       0x60 ../hello_nioii_bsp/\libhal_bsp.a(alt_dev_llist_insert.o)
 .debug_frame   0x00000000000005ac       0x38 ../hello_nioii_bsp/\libhal_bsp.a(alt_do_ctors.o)
 .debug_frame   0x00000000000005e4       0x38 ../hello_nioii_bsp/\libhal_bsp.a(alt_do_dtors.o)
 .debug_frame   0x000000000000061c       0x38 ../hello_nioii_bsp/\libhal_bsp.a(alt_icache_flush_all.o)
 .debug_frame   0x0000000000000654       0x5c ../hello_nioii_bsp/\libhal_bsp.a(alt_instruction_exception_entry.o)
 .debug_frame   0x00000000000006b0       0x60 ../hello_nioii_bsp/\libhal_bsp.a(alt_io_redirect.o)
 .debug_frame   0x0000000000000710       0x84 ../hello_nioii_bsp/\libhal_bsp.a(alt_open.o)
 .debug_frame   0x0000000000000794       0x34 ../hello_nioii_bsp/\libhal_bsp.a(alt_release_fd.o)
 .debug_frame   0x00000000000007c8       0x34 ../hello_nioii_bsp/\libhal_bsp.a(altera_nios2_gen2_irq.o)
 .debug_frame   0x00000000000007fc       0x38 ../hello_nioii_bsp/\libhal_bsp.a(alt_find_dev.o)
 .debug_frame   0x0000000000000834       0x38 ../hello_nioii_bsp/\libhal_bsp.a(alt_find_file.o)
 .debug_frame   0x000000000000086c       0x34 ../hello_nioii_bsp/\libhal_bsp.a(alt_get_fd.o)
 .debug_frame   0x00000000000008a0       0x34 ../hello_nioii_bsp/\libhal_bsp.a(alt_icache_flush.o)
 .debug_frame   0x00000000000008d4       0x20 e:/software/intelfpga/18.1/nios2eds/bin/gnu/h-x86_64-mingw32/bin/../lib/gcc/nios2-elf/5.3.0/../../../../../H-x86_64-mingw32/nios2-elf/lib\libsmallc.a(lib_a-atexit.o)
 .debug_frame   0x00000000000008f4       0x28 e:/software/intelfpga/18.1/nios2eds/bin/gnu/h-x86_64-mingw32/bin/../lib/gcc/nios2-elf/5.3.0/../../../../../H-x86_64-mingw32/nios2-elf/lib\libsmallc.a(lib_a-exit.o)
 .debug_frame   0x000000000000091c       0x20 e:/software/intelfpga/18.1/nios2eds/bin/gnu/h-x86_64-mingw32/bin/../lib/gcc/nios2-elf/5.3.0/../../../../../H-x86_64-mingw32/nios2-elf/lib\libsmallc.a(lib_a-memcmp.o)
 .debug_frame   0x000000000000093c       0x20 e:/software/intelfpga/18.1/nios2eds/bin/gnu/h-x86_64-mingw32/bin/../lib/gcc/nios2-elf/5.3.0/../../../../../H-x86_64-mingw32/nios2-elf/lib\libsmallc.a(lib_a-strlen.o)
 .debug_frame   0x000000000000095c       0x48 e:/software/intelfpga/18.1/nios2eds/bin/gnu/h-x86_64-mingw32/bin/../lib/gcc/nios2-elf/5.3.0/../../../../../H-x86_64-mingw32/nios2-elf/lib\libsmallc.a(lib_a-__atexit.o)
 .debug_frame   0x00000000000009a4       0x54 e:/software/intelfpga/18.1/nios2eds/bin/gnu/h-x86_64-mingw32/bin/../lib/gcc/nios2-elf/5.3.0/../../../../../H-x86_64-mingw32/nios2-elf/lib\libsmallc.a(lib_a-__call_atexit.o)
 .debug_frame   0x00000000000009f8       0x2c ../hello_nioii_bsp/\libhal_bsp.a(alt_exit.o)

.debug_str      0x0000000000000000     0x1809
 *(.debug_str)
 .debug_str     0x0000000000000000      0x125 obj/default/hello_world.o
                                        0x163 (size before relaxing)
 .debug_str     0x0000000000000125      0x141 ../hello_nioii_bsp/\libhal_bsp.a(alt_iic.o)
                                        0x23f (size before relaxing)
 .debug_str     0x0000000000000266       0x4c ../hello_nioii_bsp/\libhal_bsp.a(alt_iic_isr_register.o)
                                        0x1e9 (size before relaxing)
 .debug_str     0x00000000000002b2       0x3a ../hello_nioii_bsp/\libhal_bsp.a(alt_irq_handler.o)
                                        0x198 (size before relaxing)
 .debug_str     0x00000000000002ec       0x17 ../hello_nioii_bsp/\libhal_bsp.a(alt_irq_vars.o)
                                        0x13b (size before relaxing)
 .debug_str     0x0000000000000303       0xe9 ../hello_nioii_bsp/\libhal_bsp.a(alt_load.o)
                                        0x213 (size before relaxing)
 .debug_str     0x00000000000003ec       0x70 ../hello_nioii_bsp/\libhal_bsp.a(alt_main.o)
                                        0x19e (size before relaxing)
 .debug_str     0x000000000000045c      0x1bb ../hello_nioii_bsp/\libhal_bsp.a(alt_sys_init.o)
                                        0x340 (size before relaxing)
 .debug_str     0x0000000000000617       0x77 ../hello_nioii_bsp/\libhal_bsp.a(altera_avalon_jtag_uart_fd.o)
                                        0x2d6 (size before relaxing)
 .debug_str     0x000000000000068e       0x48 ../hello_nioii_bsp/\libhal_bsp.a(altera_avalon_jtag_uart_read.o)
                                        0x220 (size before relaxing)
 .debug_str     0x00000000000006d6       0x4a ../hello_nioii_bsp/\libhal_bsp.a(altera_avalon_jtag_uart_write.o)
                                        0x216 (size before relaxing)
 .debug_str     0x0000000000000720       0x5b ../hello_nioii_bsp/\libhal_bsp.a(altera_avalon_uart_fd.o)
                                        0x299 (size before relaxing)
 .debug_str     0x000000000000077b       0x5c ../hello_nioii_bsp/\libhal_bsp.a(altera_avalon_uart_read.o)
                                        0x202 (size before relaxing)
 .debug_str     0x00000000000007d7       0x40 ../hello_nioii_bsp/\libhal_bsp.a(altera_avalon_uart_write.o)
                                        0x20a (size before relaxing)
 .debug_str     0x0000000000000817       0x2c ../hello_nioii_bsp/\libhal_bsp.a(alt_close.o)
                                        0x20c (size before relaxing)
 .debug_str     0x0000000000000843       0x34 ../hello_nioii_bsp/\libhal_bsp.a(alt_dcache_flush_all.o)
                                        0x156 (size before relaxing)
 .debug_str     0x0000000000000877      0x120 ../hello_nioii_bsp/\libhal_bsp.a(alt_dev.o)
                                        0x306 (size before relaxing)
 .debug_str     0x0000000000000997       0x45 ../hello_nioii_bsp/\libhal_bsp.a(alt_dev_llist_insert.o)
                                        0x1cd (size before relaxing)
 .debug_str     0x00000000000009dc       0x48 ../hello_nioii_bsp/\libhal_bsp.a(alt_do_ctors.o)
                                         0xd1 (size before relaxing)
 .debug_str     0x0000000000000a24       0x4c ../hello_nioii_bsp/\libhal_bsp.a(alt_do_dtors.o)
                                         0xd0 (size before relaxing)
 .debug_str     0x0000000000000a70       0x14 ../hello_nioii_bsp/\libhal_bsp.a(alt_errno.o)
                                        0x146 (size before relaxing)
 .debug_str     0x0000000000000a84       0x34 ../hello_nioii_bsp/\libhal_bsp.a(alt_icache_flush_all.o)
                                        0x156 (size before relaxing)
 .debug_str     0x0000000000000ab8      0x48b ../hello_nioii_bsp/\libhal_bsp.a(alt_instruction_exception_entry.o)
                                        0x5a1 (size before relaxing)
 .debug_str     0x0000000000000f43       0x56 ../hello_nioii_bsp/\libhal_bsp.a(alt_io_redirect.o)
                                        0x317 (size before relaxing)
 .debug_str     0x0000000000000f99       0x2f ../hello_nioii_bsp/\libhal_bsp.a(alt_open.o)
                                        0x24c (size before relaxing)
 .debug_str     0x0000000000000fc8       0x28 ../hello_nioii_bsp/\libhal_bsp.a(alt_release_fd.o)
                                        0x1d4 (size before relaxing)
 .debug_str     0x0000000000000ff0       0x3b ../hello_nioii_bsp/\libhal_bsp.a(altera_nios2_gen2_irq.o)
                                        0x15d (size before relaxing)
 .debug_str     0x000000000000102b       0x24 ../hello_nioii_bsp/\libhal_bsp.a(alt_find_dev.o)
                                        0x1ed (size before relaxing)
 .debug_str     0x000000000000104f       0x26 ../hello_nioii_bsp/\libhal_bsp.a(alt_find_file.o)
                                        0x1fb (size before relaxing)
 .debug_str     0x0000000000001075       0x30 ../hello_nioii_bsp/\libhal_bsp.a(alt_get_fd.o)
                                        0x21d (size before relaxing)
 .debug_str     0x00000000000010a5       0x2c ../hello_nioii_bsp/\libhal_bsp.a(alt_icache_flush.o)
                                        0x15c (size before relaxing)
 .debug_str     0x00000000000010d1      0x15d e:/software/intelfpga/18.1/nios2eds/bin/gnu/h-x86_64-mingw32/bin/../lib/gcc/nios2-elf/5.3.0/../../../../../H-x86_64-mingw32/nios2-elf/lib\libsmallc.a(lib_a-atexit.o)
                                        0x202 (size before relaxing)
 .debug_str     0x000000000000122e       0x49 e:/software/intelfpga/18.1/nios2eds/bin/gnu/h-x86_64-mingw32/bin/../lib/gcc/nios2-elf/5.3.0/../../../../../H-x86_64-mingw32/nios2-elf/lib\libsmallc.a(lib_a-exit.o)
                                        0x1d6 (size before relaxing)
 .debug_str     0x0000000000001277       0xc5 e:/software/intelfpga/18.1/nios2eds/bin/gnu/h-x86_64-mingw32/bin/../lib/gcc/nios2-elf/5.3.0/../../../../../H-x86_64-mingw32/nios2-elf/lib\libsmallc.a(lib_a-int_errno.o)
                                        0x1be (size before relaxing)
 .debug_str     0x000000000000133c       0xd2 e:/software/intelfpga/18.1/nios2eds/bin/gnu/h-x86_64-mingw32/bin/../lib/gcc/nios2-elf/5.3.0/../../../../../H-x86_64-mingw32/nios2-elf/lib\libsmallc.a(lib_a-memcmp.o)
                                        0x1c5 (size before relaxing)
 .debug_str     0x000000000000140e       0x41 e:/software/intelfpga/18.1/nios2eds/bin/gnu/h-x86_64-mingw32/bin/../lib/gcc/nios2-elf/5.3.0/../../../../../H-x86_64-mingw32/nios2-elf/lib\libsmallc.a(lib_a-strlen.o)
                                        0x1cb (size before relaxing)
 .debug_str     0x000000000000144f      0x2e9 e:/software/intelfpga/18.1/nios2eds/bin/gnu/h-x86_64-mingw32/bin/../lib/gcc/nios2-elf/5.3.0/../../../../../H-x86_64-mingw32/nios2-elf/lib\libsmallc.a(lib_a-__atexit.o)
                                        0x4e5 (size before relaxing)
 .debug_str     0x0000000000001738       0x62 e:/software/intelfpga/18.1/nios2eds/bin/gnu/h-x86_64-mingw32/bin/../lib/gcc/nios2-elf/5.3.0/../../../../../H-x86_64-mingw32/nios2-elf/lib\libsmallc.a(lib_a-__call_atexit.o)
                                        0x4d1 (size before relaxing)
 .debug_str     0x000000000000179a       0x45 e:/software/intelfpga/18.1/nios2eds/bin/gnu/h-x86_64-mingw32/bin/../lib/gcc/nios2-elf/5.3.0/../../../../../H-x86_64-mingw32/nios2-elf/lib\libsmallc.a(lib_a-impure.o)
                                        0x4a4 (size before relaxing)
 .debug_str     0x00000000000017df       0x2a ../hello_nioii_bsp/\libhal_bsp.a(alt_exit.o)
                                        0x152 (size before relaxing)

.debug_loc      0x0000000000000000      0x413
 *(.debug_loc)
 .debug_loc     0x0000000000000000       0x2c e:/software/intelfpga/18.1/nios2eds/bin/gnu/h-x86_64-mingw32/bin/../lib/gcc/nios2-elf/5.3.0/../../../../../H-x86_64-mingw32/nios2-elf/lib\libsmallc.a(lib_a-atexit.o)
 .debug_loc     0x000000000000002c       0x1e e:/software/intelfpga/18.1/nios2eds/bin/gnu/h-x86_64-mingw32/bin/../lib/gcc/nios2-elf/5.3.0/../../../../../H-x86_64-mingw32/nios2-elf/lib\libsmallc.a(lib_a-exit.o)
 .debug_loc     0x000000000000004a       0x94 e:/software/intelfpga/18.1/nios2eds/bin/gnu/h-x86_64-mingw32/bin/../lib/gcc/nios2-elf/5.3.0/../../../../../H-x86_64-mingw32/nios2-elf/lib\libsmallc.a(lib_a-memcmp.o)
 .debug_loc     0x00000000000000de       0x1e e:/software/intelfpga/18.1/nios2eds/bin/gnu/h-x86_64-mingw32/bin/../lib/gcc/nios2-elf/5.3.0/../../../../../H-x86_64-mingw32/nios2-elf/lib\libsmallc.a(lib_a-strlen.o)
 .debug_loc     0x00000000000000fc      0x1c0 e:/software/intelfpga/18.1/nios2eds/bin/gnu/h-x86_64-mingw32/bin/../lib/gcc/nios2-elf/5.3.0/../../../../../H-x86_64-mingw32/nios2-elf/lib\libsmallc.a(lib_a-__atexit.o)
 .debug_loc     0x00000000000002bc      0x157 e:/software/intelfpga/18.1/nios2eds/bin/gnu/h-x86_64-mingw32/bin/../lib/gcc/nios2-elf/5.3.0/../../../../../H-x86_64-mingw32/nios2-elf/lib\libsmallc.a(lib_a-__call_atexit.o)

.debug_macinfo
 *(.debug_macinfo)

.debug_weaknames
 *(.debug_weaknames)

.debug_funcnames
 *(.debug_funcnames)

.debug_typenames
 *(.debug_typenames)

.debug_varnames
 *(.debug_varnames)

.debug_alt_sim_info
                0x0000000000000000       0x30
 *(.debug_alt_sim_info)
 .debug_alt_sim_info
                0x0000000000000000       0x30 ../hello_nioii_bsp//obj/HAL/src/crt0.o
                0x0000000000006800                __alt_data_end = 0x6800
                0x0000000000006800                PROVIDE (__alt_stack_pointer, __alt_data_end)
                [!provide]                        PROVIDE (__alt_stack_limit, __alt_stack_base)
                [!provide]                        PROVIDE (__alt_heap_start, end)
                [!provide]                        PROVIDE (__alt_heap_limit, 0x6800)
OUTPUT(hello_nioii.elf elf32-littlenios2)

.debug_ranges   0x0000000000000000      0x130
 .debug_ranges  0x0000000000000000       0x20 ../hello_nioii_bsp//obj/HAL/src/crt0.o
 .debug_ranges  0x0000000000000020       0x28 ../hello_nioii_bsp/\libhal_bsp.a(alt_irq_entry.o)
 .debug_ranges  0x0000000000000048       0x10 ../hello_nioii_bsp/\libhal_bsp.a(alt_irq_handler.o)
 .debug_ranges  0x0000000000000058       0x18 ../hello_nioii_bsp/\libhal_bsp.a(altera_avalon_jtag_uart_read.o)
 .debug_ranges  0x0000000000000070       0x30 ../hello_nioii_bsp/\libhal_bsp.a(alt_exception_entry.o)
 .debug_ranges  0x00000000000000a0       0x18 ../hello_nioii_bsp/\libhal_bsp.a(alt_instruction_exception_entry.o)
 .debug_ranges  0x00000000000000b8       0x10 e:/software/intelfpga/18.1/nios2eds/bin/gnu/h-x86_64-mingw32/bin/../lib/gcc/nios2-elf/5.3.0/../../../../../H-x86_64-mingw32/nios2-elf/lib\libsmallc.a(lib_a-atexit.o)
 .debug_ranges  0x00000000000000c8       0x10 e:/software/intelfpga/18.1/nios2eds/bin/gnu/h-x86_64-mingw32/bin/../lib/gcc/nios2-elf/5.3.0/../../../../../H-x86_64-mingw32/nios2-elf/lib\libsmallc.a(lib_a-exit.o)
 .debug_ranges  0x00000000000000d8       0x10 e:/software/intelfpga/18.1/nios2eds/bin/gnu/h-x86_64-mingw32/bin/../lib/gcc/nios2-elf/5.3.0/../../../../../H-x86_64-mingw32/nios2-elf/lib\libsmallc.a(lib_a-memcmp.o)
 .debug_ranges  0x00000000000000e8       0x10 e:/software/intelfpga/18.1/nios2eds/bin/gnu/h-x86_64-mingw32/bin/../lib/gcc/nios2-elf/5.3.0/../../../../../H-x86_64-mingw32/nios2-elf/lib\libsmallc.a(lib_a-strlen.o)
 .debug_ranges  0x00000000000000f8       0x10 e:/software/intelfpga/18.1/nios2eds/bin/gnu/h-x86_64-mingw32/bin/../lib/gcc/nios2-elf/5.3.0/../../../../../H-x86_64-mingw32/nios2-elf/lib\libsmallc.a(lib_a-__atexit.o)
 .debug_ranges  0x0000000000000108       0x28 e:/software/intelfpga/18.1/nios2eds/bin/gnu/h-x86_64-mingw32/bin/../lib/gcc/nios2-elf/5.3.0/../../../../../H-x86_64-mingw32/nios2-elf/lib\libsmallc.a(lib_a-__call_atexit.o)
